{
'project:PHPExcel_1.7.9_doc/Classes/PHPExcel/Shared/PCLZip/pclzip.lib.php':[
5347,
5378,
],
'project:PHPMailer/class.phpmailer.php':[
2182,
2191,
],
}
