{
'project:PHPExcel_1.7.9_doc/Classes/PHPExcel.php':[
43,
],
'project:PHPExcel_1.7.9_doc/Classes/PHPExcel/Calculation.php':[
62,
],
'project:PHPExcel_1.7.9_doc/Classes/PHPExcel/Calculation/Database.php':[
46,
],
'project:PHPExcel_1.7.9_doc/Classes/PHPExcel/Calculation/DateTime.php':[
46,
],
'project:PHPExcel_1.7.9_doc/Classes/PHPExcel/Calculation/Engineering.php':[
50,
],
'project:PHPExcel_1.7.9_doc/Classes/PHPExcel/Calculation/Financial.php':[
53,
],
'project:PHPExcel_1.7.9_doc/Classes/PHPExcel/Calculation/FormulaParser.php':[
59,
],
'project:PHPExcel_1.7.9_doc/Classes/PHPExcel/Calculation/Functions.php':[
59,
],
'project:PHPExcel_1.7.9_doc/Classes/PHPExcel/Calculation/LookupRef.php':[
46,
],
'project:PHPExcel_1.7.9_doc/Classes/PHPExcel/Calculation/MathTrig.php':[
46,
],
'project:PHPExcel_1.7.9_doc/Classes/PHPExcel/Calculation/Statistical.php':[
62,
],
'project:PHPExcel_1.7.9_doc/Classes/PHPExcel/Calculation/TextData.php':[
46,
],
'project:PHPExcel_1.7.9_doc/Classes/PHPExcel/Cell.php':[
36,
],
'project:PHPExcel_1.7.9_doc/Classes/PHPExcel/Chart.php':[
36,
],
'project:PHPExcel_1.7.9_doc/Classes/PHPExcel/Chart/Renderer/jpgraph.php':[
40,
],
'project:PHPExcel_1.7.9_doc/Classes/PHPExcel/DocumentProperties.php':[
36,
],
'project:PHPExcel_1.7.9_doc/Classes/PHPExcel/Reader/Excel2003XML.php':[
45,
],
'project:PHPExcel_1.7.9_doc/Classes/PHPExcel/Reader/Excel2007.php':[
45,
],
'project:PHPExcel_1.7.9_doc/Classes/PHPExcel/Reader/Excel5.php':[
78,
],
'project:PHPExcel_1.7.9_doc/Classes/PHPExcel/Reader/Excel5/Escher.php':[
35,
],
'project:PHPExcel_1.7.9_doc/Classes/PHPExcel/Reader/Gnumeric.php':[
45,
],
'project:PHPExcel_1.7.9_doc/Classes/PHPExcel/Reader/OOCalc.php':[
45,
],
'project:PHPExcel_1.7.9_doc/Classes/PHPExcel/ReferenceHelper.php':[
36,
],
'project:PHPExcel_1.7.9_doc/Classes/PHPExcel/Shared/Font.php':[
36,
],
'project:PHPExcel_1.7.9_doc/Classes/PHPExcel/Shared/JAMA/EigenvalueDecomposition.php':[
24,
],
'project:PHPExcel_1.7.9_doc/Classes/PHPExcel/Shared/JAMA/Matrix.php':[
27,
],
'project:PHPExcel_1.7.9_doc/Classes/PHPExcel/Shared/JAMA/SingularValueDecomposition.php':[
20,
],
'project:PHPExcel_1.7.9_doc/Classes/PHPExcel/Shared/PCLZip/pclzip.lib.php':[
190,
],
'project:PHPExcel_1.7.9_doc/Classes/PHPExcel/Shared/String.php':[
36,
],
'project:PHPExcel_1.7.9_doc/Classes/PHPExcel/Style.php':[
36,
],
'project:PHPExcel_1.7.9_doc/Classes/PHPExcel/Style/NumberFormat.php':[
36,
],
'project:PHPExcel_1.7.9_doc/Classes/PHPExcel/Worksheet.php':[
36,
],
'project:PHPExcel_1.7.9_doc/Classes/PHPExcel/Worksheet/AutoFilter.php':[
36,
],
'project:PHPExcel_1.7.9_doc/Classes/PHPExcel/Worksheet/PageSetup.php':[
107,
],
'project:PHPExcel_1.7.9_doc/Classes/PHPExcel/Worksheet/Protection.php':[
36,
],
'project:PHPExcel_1.7.9_doc/Classes/PHPExcel/Writer/Excel2007/Chart.php':[
36,
],
'project:PHPExcel_1.7.9_doc/Classes/PHPExcel/Writer/Excel2007/Drawing.php':[
36,
],
'project:PHPExcel_1.7.9_doc/Classes/PHPExcel/Writer/Excel2007/Style.php':[
36,
],
'project:PHPExcel_1.7.9_doc/Classes/PHPExcel/Writer/Excel2007/Theme.php':[
36,
],
'project:PHPExcel_1.7.9_doc/Classes/PHPExcel/Writer/Excel2007/Worksheet.php':[
36,
],
'project:PHPExcel_1.7.9_doc/Classes/PHPExcel/Writer/Excel5.php':[
36,
],
'project:PHPExcel_1.7.9_doc/Classes/PHPExcel/Writer/Excel5/Escher.php':[
36,
],
'project:PHPExcel_1.7.9_doc/Classes/PHPExcel/Writer/Excel5/Parser.php':[
60,
],
'project:PHPExcel_1.7.9_doc/Classes/PHPExcel/Writer/Excel5/Workbook.php':[
71,
],
'project:PHPExcel_1.7.9_doc/Classes/PHPExcel/Writer/Excel5/Worksheet.php':[
71,
],
'project:PHPExcel_1.7.9_doc/Classes/PHPExcel/Writer/HTML.php':[
36,
],
'project:PHPMailer/class.phpmailer.php':[
37,
],
'project:PHPMailer/class.smtp.php':[
34,
],
'project:PHPMailer/extras/class.html2text.php':[
25,
],
'project:PHPMailer/test/phpmailerTest.php':[
23,
],
'project:PHP_CodeSniffer/CodeSniffer.php':[
64,
],
'project:PHP_CodeSniffer/CodeSniffer/CLI.php':[
32,
],
'project:PHP_CodeSniffer/CodeSniffer/CommentParser/AbstractParser.php':[
69,
],
'project:PHP_CodeSniffer/CodeSniffer/File.php':[
117,
],
'project:PHP_CodeSniffer/CodeSniffer/Standards/AbstractPatternSniff.php':[
35,
],
'project:PHP_CodeSniffer/CodeSniffer/Standards/PEAR/Sniffs/Commenting/FileCommentSniff.php':[
45,
],
'project:PHP_CodeSniffer/CodeSniffer/Standards/Squiz/Sniffs/Commenting/FileCommentSniff.php':[
45,
],
'project:PHP_CodeSniffer/CodeSniffer/Standards/Squiz/Sniffs/Commenting/FunctionCommentSniff.php':[
50,
],
'project:PHP_CodeSniffer/CodeSniffer/Tokenizers/JS.php':[
27,
],
'project:PHP_CodeSniffer/CodeSniffer/Tokenizers/PHP.php':[
26,
],
'project:symfony/Symfony/Bridge/Doctrine/Tests/Form/Type/EntityTypeTest.php':[
27,
],
'project:symfony/Symfony/Bundle/FrameworkBundle/DependencyInjection/FrameworkExtension.php':[
31,
],
'project:symfony/Symfony/Bundle/SecurityBundle/DependencyInjection/SecurityExtension.php':[
33,
],
'project:symfony/Symfony/Component/BrowserKit/Client.php':[
31,
],
'project:symfony/Symfony/Component/Console/Application.php':[
57,
],
'project:symfony/Symfony/Component/Console/Command/Command.php':[
32,
],
'project:symfony/Symfony/Component/Console/Tests/ApplicationTest.php':[
33,
],
'project:symfony/Symfony/Component/DependencyInjection/ContainerBuilder.php':[
36,
],
'project:symfony/Symfony/Component/DependencyInjection/Definition.php':[
24,
],
'project:symfony/Symfony/Component/DependencyInjection/Dumper/PhpDumper.php':[
37,
],
'project:symfony/Symfony/Component/DependencyInjection/Tests/ContainerBuilderTest.php':[
31,
],
'project:symfony/Symfony/Component/DependencyInjection/Tests/ContainerTest.php':[
20,
],
'project:symfony/Symfony/Component/DomCrawler/Crawler.php':[
23,
],
'project:symfony/Symfony/Component/DomCrawler/Tests/CrawlerTest.php':[
17,
],
'project:symfony/Symfony/Component/DomCrawler/Tests/FormTest.php':[
18,
],
'project:symfony/Symfony/Component/Filesystem/Tests/FilesystemTest.php':[
19,
],
'project:symfony/Symfony/Component/Finder/Finder.php':[
35,
],
'project:symfony/Symfony/Component/Finder/Tests/FinderTest.php':[
17,
],
'project:symfony/Symfony/Component/Form/ButtonBuilder.php':[
23,
],
'project:symfony/Symfony/Component/Form/Form.php':[
61,
],
'project:symfony/Symfony/Component/Form/FormConfigBuilder.php':[
28,
],
'project:symfony/Symfony/Component/Form/Tests/AbstractDivLayoutTest.php':[
18,
],
'project:symfony/Symfony/Component/Form/Tests/AbstractLayoutTest.php':[
18,
],
'project:symfony/Symfony/Component/Form/Tests/AbstractTableLayoutTest.php':[
17,
],
'project:symfony/Symfony/Component/Form/Tests/CompoundFormTest.php':[
24,
],
'project:symfony/Symfony/Component/Form/Tests/Extension/Core/DataTransformer/DateTimeToArrayTransformerTest.php':[
16,
],
'project:symfony/Symfony/Component/Form/Tests/Extension/Core/DataTransformer/NumberToLocalizedStringTransformerTest.php':[
17,
],
'project:symfony/Symfony/Component/Form/Tests/Extension/Core/Type/ChoiceTypeTest.php':[
17,
],
'project:symfony/Symfony/Component/Form/Tests/Extension/Core/Type/DateTypeTest.php':[
18,
],
'project:symfony/Symfony/Component/Form/Tests/Extension/Core/Type/FormTypeTest.php':[
53,
],
'project:symfony/Symfony/Component/Form/Tests/Extension/Core/Type/TimeTypeTest.php':[
18,
],
'project:symfony/Symfony/Component/Form/Tests/Extension/DataCollector/FormDataCollectorTest.php':[
18,
],
'project:symfony/Symfony/Component/Form/Tests/Extension/Validator/Constraints/FormValidatorTest.php':[
28,
],
'project:symfony/Symfony/Component/Form/Tests/Extension/Validator/ViolationMapper/ViolationMapperTest.php':[
27,
],
'project:symfony/Symfony/Component/Form/Tests/FormFactoryTest.php':[
27,
],
'project:symfony/Symfony/Component/Form/Tests/SimpleFormTest.php':[
55,
],
'project:symfony/Symfony/Component/HttpFoundation/File/MimeType/MimeTypeExtensionGuesser.php':[
17,
],
'project:symfony/Symfony/Component/HttpFoundation/Request.php':[
31,
],
'project:symfony/Symfony/Component/HttpFoundation/Response.php':[
21,
],
'project:symfony/Symfony/Component/HttpFoundation/Tests/RequestTest.php':[
18,
],
'project:symfony/Symfony/Component/HttpFoundation/Tests/ResponseTest.php':[
17,
],
'project:symfony/Symfony/Component/HttpKernel/HttpCache/HttpCache.php':[
30,
],
'project:symfony/Symfony/Component/HttpKernel/Kernel.php':[
45,
],
'project:symfony/Symfony/Component/HttpKernel/Tests/HttpCache/HttpCacheTest.php':[
20,
],
'project:symfony/Symfony/Component/HttpKernel/Tests/KernelTest.php':[
22,
],
'project:symfony/Symfony/Component/Intl/DateFormatter/IntlDateFormatter.php':[
47,
],
'project:symfony/Symfony/Component/Intl/NumberFormatter/NumberFormatter.php':[
41,
],
'project:symfony/Symfony/Component/Intl/Tests/DateFormatter/AbstractIntlDateFormatterTest.php':[
23,
],
'project:symfony/Symfony/Component/Intl/Tests/NumberFormatter/AbstractNumberFormatterTest.php':[
24,
],
'project:symfony/Symfony/Component/OptionsResolver/Tests/OptionsResolverTest.php':[
17,
],
'project:symfony/Symfony/Component/OptionsResolver/Tests/OptionsTest.php':[
16,
],
'project:symfony/Symfony/Component/Process/Process.php':[
28,
],
'project:symfony/Symfony/Component/Process/Tests/AbstractProcessTest.php':[
21,
],
'project:symfony/Symfony/Component/Routing/Route.php':[
22,
],
'project:symfony/Symfony/Component/Routing/Tests/Generator/UrlGeneratorTest.php':[
20,
],
'project:symfony/Symfony/Component/Security/Acl/Dbal/AclProvider.php':[
37,
],
'project:symfony/Symfony/Component/Security/Acl/Dbal/MutableAclProvider.php':[
34,
],
'project:symfony/Symfony/Component/Security/Acl/Domain/Acl.php':[
35,
],
'project:symfony/Symfony/Component/Security/Acl/Tests/Dbal/MutableAclProviderTest.php':[
30,
],
'project:symfony/Symfony/Component/Templating/PhpEngine.php':[
31,
],
'project:symfony/Symfony/Component/Validator/Tests/ValidationVisitorTest.php':[
31,
],
'project:symfony/Symfony/Component/Yaml/Parser.php':[
21,
],
'project:symfony/Symfony/Component/Yaml/Tests/ParserTest.php':[
17,
],
}
