{
'project:PHPExcel_1.7.9_doc/Classes/PHPExcel/Calculation/Engineering.php':[
948,
950,
1028,
1030,
],
'project:PHPExcel_1.7.9_doc/Classes/PHPExcel/Calculation/Financial.php':[
348,
350,
],
'project:PHPExcel_1.7.9_doc/Classes/PHPExcel/Calculation/Functions.php':[
523,
526,
576,
],
'project:PHPExcel_1.7.9_doc/Classes/PHPExcel/Calculation/MathTrig.php':[
1074,
1077,
1080,
1083,
1086,
1089,
1092,
1095,
1098,
1101,
1104,
],
'project:PHPExcel_1.7.9_doc/Classes/PHPExcel/Cell.php':[
257,
],
'project:PHPExcel_1.7.9_doc/Classes/PHPExcel/DocumentProperties.php':[
481,
484,
491,
498,
503,
508,
512,
515,
530,
548,
553,
560,
564,
567,
582,
],
'project:PHPExcel_1.7.9_doc/Classes/PHPExcel/Reader/Excel5.php':[
4625,
5304,
5313,
5518,
5622,
5750,
6152,
6157,
6661,
6662,
6663,
6664,
6665,
6666,
6667,
],
'project:PHPExcel_1.7.9_doc/Classes/PHPExcel/Shared/CodePage.php':[
49,
50,
52,
53,
54,
55,
56,
57,
58,
59,
60,
61,
62,
63,
64,
65,
66,
67,
68,
69,
70,
71,
72,
73,
74,
75,
77,
78,
79,
80,
81,
82,
83,
84,
85,
86,
87,
88,
89,
90,
91,
93,
94,
95,
],
'project:PHPExcel_1.7.9_doc/Classes/PHPExcel/Shared/Font.php':[
534,
],
'project:PHPExcel_1.7.9_doc/Classes/PHPExcel/Shared/JAMA/Matrix.php':[
110,
189,
202,
215,
228,
241,
254,
257,
438,
474,
524,
560,
611,
648,
699,
755,
792,
829,
897,
906,
915,
924,
927,
956,
1005,
],
'project:PHPExcel_1.7.9_doc/Classes/PHPExcel/Shared/trend/trendClass.php':[
114,
125,
150,
],
'project:PHPExcel_1.7.9_doc/Classes/PHPExcel/Style/Border.php':[
129,
131,
133,
135,
137,
139,
],
'project:PHPExcel_1.7.9_doc/Classes/PHPExcel/Style/Color.php':[
118,
120,
122,
],
'project:PHPExcel_1.7.9_doc/Classes/PHPExcel/Writer/Excel5/Parser.php':[
1110,
1116,
1123,
],
'project:PHPMailer/class.phpmailer.php':[
887,
903,
907,
914,
3033,
3037,
3041,
3045,
],
'project:PHPMailer/class.smtp.php':[
384,
398,
],
'project:PHPMailer/extras/htmlfilter.php':[
250,
353,
],
'project:PHP_CodeSniffer/CodeSniffer/Standards/Generic/Tests/Classes/DuplicateClassNameUnitTest.php':[
66,
72,
78,
83,
86,
],
'project:PHP_CodeSniffer/CodeSniffer/Standards/Generic/Tests/Commenting/FixmeUnitTest.php':[
60,
71,
74,
],
'project:PHP_CodeSniffer/CodeSniffer/Standards/Generic/Tests/Commenting/TodoUnitTest.php':[
75,
86,
89,
],
'project:PHP_CodeSniffer/CodeSniffer/Standards/Generic/Tests/ControlStructures/InlineControlStructureUnitTest.php':[
58,
67,
70,
],
'project:PHP_CodeSniffer/CodeSniffer/Standards/Generic/Tests/Files/EndFileNewlineUnitTest.php':[
52,
55,
],
'project:PHP_CodeSniffer/CodeSniffer/Standards/Generic/Tests/Files/EndFileNoNewlineUnitTest.php':[
53,
59,
62,
],
'project:PHP_CodeSniffer/CodeSniffer/Standards/Generic/Tests/Files/InlineHTMLUnitTest.php':[
50,
55,
58,
],
'project:PHP_CodeSniffer/CodeSniffer/Standards/Generic/Tests/Formatting/MultipleStatementAlignmentUnitTest.php':[
97,
123,
126,
],
'project:PHP_CodeSniffer/CodeSniffer/Standards/Generic/Tests/PHP/LowerCaseConstantUnitTest.php':[
65,
77,
80,
],
'project:PHP_CodeSniffer/CodeSniffer/Standards/Generic/Tests/Strings/UnnecessaryStringConcatUnitTest.php':[
53,
60,
63,
],
'project:PHP_CodeSniffer/CodeSniffer/Standards/Generic/Tests/WhiteSpace/DisallowSpaceIndentUnitTest.php':[
56,
62,
67,
70,
],
'project:PHP_CodeSniffer/CodeSniffer/Standards/Generic/Tests/WhiteSpace/DisallowTabIndentUnitTest.php':[
54,
60,
65,
68,
],
'project:PHP_CodeSniffer/CodeSniffer/Standards/PSR2/Tests/Files/EndFileNewlineUnitTest.php':[
53,
56,
],
'project:PHP_CodeSniffer/CodeSniffer/Standards/Squiz/Tests/Commenting/LongConditionClosingCommentUnitTest.php':[
71,
87,
90,
],
'project:PHP_CodeSniffer/CodeSniffer/Standards/Squiz/Tests/Commenting/PostStatementCommentUnitTest.php':[
54,
61,
64,
],
'project:PHP_CodeSniffer/CodeSniffer/Standards/Squiz/Tests/ControlStructures/ControlSignatureUnitTest.php':[
77,
102,
105,
],
'project:PHP_CodeSniffer/CodeSniffer/Standards/Squiz/Tests/ControlStructures/ForLoopDeclarationUnitTest.php':[
60,
73,
76,
],
'project:PHP_CodeSniffer/CodeSniffer/Standards/Squiz/Tests/Formatting/OperatorBracketUnitTest.php':[
78,
94,
97,
],
'project:PHP_CodeSniffer/CodeSniffer/Standards/Squiz/Tests/NamingConventions/ConstantCaseUnitTest.php':[
63,
75,
78,
],
'project:PHP_CodeSniffer/CodeSniffer/Standards/Squiz/Tests/Operators/ComparisonOperatorUsageUnitTest.php':[
71,
80,
83,
],
'project:PHP_CodeSniffer/CodeSniffer/Standards/Squiz/Tests/PHP/CommentedOutCodeUnitTest.php':[
68,
74,
77,
],
'project:PHP_CodeSniffer/CodeSniffer/Standards/Squiz/Tests/PHP/DisallowInlineIfUnitTest.php':[
50,
55,
58,
],
'project:PHP_CodeSniffer/CodeSniffer/Standards/Squiz/Tests/PHP/DisallowSizeFunctionsInLoopsUnitTest.php':[
63,
68,
71,
],
'project:PHP_CodeSniffer/CodeSniffer/Standards/Squiz/Tests/WhiteSpace/ControlStructureSpacingUnitTest.php':[
65,
80,
83,
],
'project:PHP_CodeSniffer/CodeSniffer/Standards/Squiz/Tests/WhiteSpace/FunctionClosingBraceSpaceUnitTest.php':[
53,
64,
67,
],
'project:PHP_CodeSniffer/CodeSniffer/Standards/Squiz/Tests/WhiteSpace/FunctionOpeningBraceSpaceUnitTest.php':[
53,
64,
67,
],
'project:PHP_CodeSniffer/CodeSniffer/Standards/Squiz/Tests/WhiteSpace/OperatorSpacingUnitTest.php':[
97,
132,
135,
],
'project:PHP_CodeSniffer/CodeSniffer/Standards/Squiz/Tests/WhiteSpace/SemicolonSpacingUnitTest.php':[
57,
67,
70,
],
'project:PHP_CodeSniffer/CodeSniffer/Standards/Squiz/Tests/WhiteSpace/SuperfluousWhitespaceUnitTest.php':[
60,
73,
82,
85,
],
'project:symfony/Symfony/Component/Console/Helper/TableHelper.php':[
131,
],
'project:symfony/Symfony/Component/Translation/PluralizationRules.php':[
73,
],
}
