{
'project:PHPExcel_1.7.9_doc/Classes/PHPExcel/Calculation.php':[
2160,
2226,
2366,
2577,
2612,
2643,
2731,
3089,
3589,
],
'project:PHPExcel_1.7.9_doc/Classes/PHPExcel/Calculation/DateTime.php':[
292,
386,
481,
583,
618,
736,
791,
886,
968,
1071,
1106,
1172,
1274,
1314,
1354,
1400,
1445,
],
'project:PHPExcel_1.7.9_doc/Classes/PHPExcel/Calculation/Engineering.php':[
937,
1017,
1064,
1116,
1170,
1228,
1640,
1750,
2005,
2040,
2421,
],
'project:PHPExcel_1.7.9_doc/Classes/PHPExcel/Calculation/Financial.php':[
202,
253,
385,
451,
509,
579,
638,
694,
765,
908,
1036,
1253,
1336,
1500,
1621,
1681,
1725,
1894,
2022,
2074,
2106,
2162,
2200,
2249,
],
'project:PHPExcel_1.7.9_doc/Classes/PHPExcel/Calculation/Functions.php':[
513,
552,
],
'project:PHPExcel_1.7.9_doc/Classes/PHPExcel/Calculation/Logical.php':[
212,
],
'project:PHPExcel_1.7.9_doc/Classes/PHPExcel/Calculation/LookupRef.php':[
112,
152,
186,
227,
298,
364,
451,
490,
603,
693,
],
'project:PHPExcel_1.7.9_doc/Classes/PHPExcel/Calculation/MathTrig.php':[
139,
176,
240,
310,
347,
421,
452,
527,
569,
605,
658,
683,
709,
743,
1018,
1064,
],
'project:PHPExcel_1.7.9_doc/Classes/PHPExcel/Calculation/Statistical.php':[
120,
474,
922,
980,
1017,
1104,
1131,
1293,
1330,
1482,
1556,
1591,
1623,
1768,
1815,
1848,
1960,
2013,
2481,
2518,
2550,
2612,
2735,
2834,
2899,
3191,
3219,
3604,
],
'project:PHPExcel_1.7.9_doc/Classes/PHPExcel/Calculation/TextData.php':[
50,
517,
],
'project:PHPExcel_1.7.9_doc/Classes/PHPExcel/Cell.php':[
276,
739,
874,
],
'project:PHPExcel_1.7.9_doc/Classes/PHPExcel/Cell/AdvancedValueBinder.php':[
56,
],
'project:PHPExcel_1.7.9_doc/Classes/PHPExcel/Cell/DefaultValueBinder.php':[
75,
],
'project:PHPExcel_1.7.9_doc/Classes/PHPExcel/Chart/Renderer/jpgraph.php':[
750,
],
'project:PHPExcel_1.7.9_doc/Classes/PHPExcel/DocumentProperties.php':[
477,
535,
],
'project:PHPExcel_1.7.9_doc/Classes/PHPExcel/Reader/Excel2007.php':[
238,
1713,
],
'project:PHPExcel_1.7.9_doc/Classes/PHPExcel/Reader/Excel2007/Chart.php':[
37,
298,
],
'project:PHPExcel_1.7.9_doc/Classes/PHPExcel/Reader/Excel5.php':[
6568,
6597,
6626,
6659,
6680,
6704,
6774,
],
'project:PHPExcel_1.7.9_doc/Classes/PHPExcel/ReferenceHelper.php':[
787,
],
'project:PHPExcel_1.7.9_doc/Classes/PHPExcel/Shared/CodePage.php':[
47,
],
'project:PHPExcel_1.7.9_doc/Classes/PHPExcel/Shared/Date.php':[
282,
347,
],
'project:PHPExcel_1.7.9_doc/Classes/PHPExcel/Shared/Excel5.php':[
246,
],
'project:PHPExcel_1.7.9_doc/Classes/PHPExcel/Shared/File.php':[
136,
],
'project:PHPExcel_1.7.9_doc/Classes/PHPExcel/Shared/Font.php':[
554,
],
'project:PHPExcel_1.7.9_doc/Classes/PHPExcel/Shared/JAMA/Matrix.php':[
171,
851,
],
'project:PHPExcel_1.7.9_doc/Classes/PHPExcel/Shared/OLERead.php':[
174,
],
'project:PHPExcel_1.7.9_doc/Classes/PHPExcel/Shared/PCLZip/pclzip.lib.php':[
272,
455,
701,
858,
1007,
1090,
1427,
1871,
2160,
2400,
2526,
2799,
3150,
3276,
3616,
3967,
4526,
4683,
4993,
5048,
5233,
],
'project:PHPExcel_1.7.9_doc/Classes/PHPExcel/Shared/String.php':[
294,
494,
],
'project:PHPExcel_1.7.9_doc/Classes/PHPExcel/Shared/ZipStreamWrapper.php':[
168,
],
'project:PHPExcel_1.7.9_doc/Classes/PHPExcel/Shared/trend/trendClass.php':[
87,
],
'project:PHPExcel_1.7.9_doc/Classes/PHPExcel/Style/Border.php':[
121,
],
'project:PHPExcel_1.7.9_doc/Classes/PHPExcel/Worksheet.php':[
1101,
1198,
],
'project:PHPExcel_1.7.9_doc/Classes/PHPExcel/Writer/Excel5/Parser.php':[
516,
783,
1092,
1268,
1370,
],
'project:PHPExcel_1.7.9_doc/Classes/PHPExcel/Writer/Excel5/Worksheet.php':[
2441,
2976,
],
'project:PHPExcel_1.7.9_doc/Classes/PHPExcel/Writer/Excel5/Xf.php':[
522,
537,
],
'project:PHPExcel_1.7.9_doc/Classes/PHPExcel/Writer/HTML.php':[
196,
212,
230,
],
'project:PHPMailer/class.phpmailer.php':[
755,
845,
1015,
2248,
3013,
],
'project:PHPMailer/class.pop3.php':[
221,
],
'project:PHPMailer/class.smtp.php':[
299,
],
'project:PHPMailer/extras/class.html2text.php':[
490,
623,
],
'project:PHPMailer/extras/htmlfilter.php':[
156,
],
'project:PHPMailer/test/phpmailerTest.php':[
282,
],
'project:PHP_CodeSniffer/CodeSniffer.php':[
733,
1196,
1759,
1868,
1999,
],
'project:PHP_CodeSniffer/CodeSniffer/CommentParser/CommentElement.php':[
162,
],
'project:PHP_CodeSniffer/CodeSniffer/File.php':[
735,
867,
1491,
2099,
2510,
2816,
2853,
2886,
],
'project:PHP_CodeSniffer/CodeSniffer/Standards/AbstractPatternSniff.php':[
279,
],
'project:PHP_CodeSniffer/CodeSniffer/Standards/Generic/Sniffs/CodeAnalysis/UnusedFunctionParameterSniff.php':[
60,
],
'project:PHP_CodeSniffer/CodeSniffer/Standards/Generic/Sniffs/CodeAnalysis/UselessOverridingMethodSniff.php':[
65,
],
'project:PHP_CodeSniffer/CodeSniffer/Standards/Generic/Sniffs/Functions/OpeningFunctionBraceKernighanRitchieSniff.php':[
57,
],
'project:PHP_CodeSniffer/CodeSniffer/Standards/Generic/Sniffs/NamingConventions/CamelCapsFunctionNameSniff.php':[
118,
],
'project:PHP_CodeSniffer/CodeSniffer/Standards/Generic/Sniffs/NamingConventions/UpperCaseConstantNameSniff.php':[
56,
],
'project:PHP_CodeSniffer/CodeSniffer/Standards/Generic/Sniffs/PHP/ForbiddenFunctionsSniff.php':[
101,
],
'project:PHP_CodeSniffer/CodeSniffer/Standards/Generic/Sniffs/PHP/LowerCaseConstantSniff.php':[
69,
],
'project:PHP_CodeSniffer/CodeSniffer/Standards/Generic/Sniffs/PHP/UpperCaseConstantSniff.php':[
60,
],
'project:PHP_CodeSniffer/CodeSniffer/Standards/Generic/Sniffs/Strings/UnnecessaryStringConcatSniff.php':[
75,
],
'project:PHP_CodeSniffer/CodeSniffer/Standards/Generic/Tests/Classes/DuplicateClassNameUnitTest.php':[
59,
],
'project:PHP_CodeSniffer/CodeSniffer/Standards/Generic/Tests/WhiteSpace/DisallowSpaceIndentUnitTest.php':[
44,
],
'project:PHP_CodeSniffer/CodeSniffer/Standards/Generic/Tests/WhiteSpace/DisallowTabIndentUnitTest.php':[
46,
],
'project:PHP_CodeSniffer/CodeSniffer/Standards/MySource/Sniffs/Channels/IncludeSystemSniff.php':[
317,
],
'project:PHP_CodeSniffer/CodeSniffer/Standards/MySource/Sniffs/Channels/UnusedSystemSniff.php':[
52,
],
'project:PHP_CodeSniffer/CodeSniffer/Standards/PEAR/Sniffs/Commenting/ClassCommentSniff.php':[
78,
],
'project:PHP_CodeSniffer/CodeSniffer/Standards/PEAR/Sniffs/Commenting/FileCommentSniff.php':[
148,
],
'project:PHP_CodeSniffer/CodeSniffer/Standards/PEAR/Sniffs/Commenting/FunctionCommentSniff.php':[
108,
],
'project:PHP_CodeSniffer/CodeSniffer/Standards/PEAR/Sniffs/Formatting/MultiLineAssignmentSniff.php':[
61,
],
'project:PHP_CodeSniffer/CodeSniffer/Standards/PEAR/Sniffs/NamingConventions/ValidFunctionNameSniff.php':[
90,
183,
],
'project:PHP_CodeSniffer/CodeSniffer/Standards/PSR2/Tests/Namespaces/UseDeclarationUnitTest.php':[
44,
],
'project:PHP_CodeSniffer/CodeSniffer/Standards/Squiz/Sniffs/Arrays/ArrayDeclarationSniff.php':[
54,
],
'project:PHP_CodeSniffer/CodeSniffer/Standards/Squiz/Sniffs/CSS/ShorthandSizeSniff.php':[
77,
],
'project:PHP_CodeSniffer/CodeSniffer/Standards/Squiz/Sniffs/Commenting/BlockCommentSniff.php':[
59,
],
'project:PHP_CodeSniffer/CodeSniffer/Standards/Squiz/Sniffs/Commenting/ClassCommentSniff.php':[
69,
],
'project:PHP_CodeSniffer/CodeSniffer/Standards/Squiz/Sniffs/Commenting/ClosingDeclarationCommentSniff.php':[
60,
],
'project:PHP_CodeSniffer/CodeSniffer/Standards/Squiz/Sniffs/Commenting/FileCommentSniff.php':[
95,
],
'project:PHP_CodeSniffer/CodeSniffer/Standards/Squiz/Sniffs/Commenting/FunctionCommentSniff.php':[
118,
],
'project:PHP_CodeSniffer/CodeSniffer/Standards/Squiz/Sniffs/Commenting/FunctionCommentThrowTagSniff.php':[
61,
],
'project:PHP_CodeSniffer/CodeSniffer/Standards/Squiz/Sniffs/Commenting/InlineCommentSniff.php':[
68,
],
'project:PHP_CodeSniffer/CodeSniffer/Standards/Squiz/Sniffs/Commenting/LongConditionClosingCommentSniff.php':[
87,
],
'project:PHP_CodeSniffer/CodeSniffer/Standards/Squiz/Sniffs/Commenting/PostStatementCommentSniff.php':[
66,
],
'project:PHP_CodeSniffer/CodeSniffer/Standards/Squiz/Sniffs/Commenting/VariableCommentSniff.php':[
67,
],
'project:PHP_CodeSniffer/CodeSniffer/Standards/Squiz/Sniffs/Formatting/OperatorBracketSniff.php':[
66,
],
'project:PHP_CodeSniffer/CodeSniffer/Standards/Squiz/Sniffs/Objects/DisallowObjectStringIndexSniff.php':[
59,
],
'project:PHP_CodeSniffer/CodeSniffer/Standards/Squiz/Sniffs/Operators/IncrementDecrementUsageSniff.php':[
131,
],
'project:PHP_CodeSniffer/CodeSniffer/Standards/Squiz/Sniffs/PHP/CommentedOutCodeSniff.php':[
73,
],
'project:PHP_CodeSniffer/CodeSniffer/Standards/Squiz/Sniffs/PHP/DisallowComparisonAssignmentSniff.php':[
54,
],
'project:PHP_CodeSniffer/CodeSniffer/Standards/Squiz/Sniffs/PHP/DisallowMultipleAssignmentsSniff.php':[
57,
],
'project:PHP_CodeSniffer/CodeSniffer/Standards/Squiz/Sniffs/PHP/EmbeddedPhpSniff.php':[
85,
177,
],
'project:PHP_CodeSniffer/CodeSniffer/Standards/Squiz/Sniffs/PHP/LowercasePHPFunctionsSniff.php':[
56,
],
'project:PHP_CodeSniffer/CodeSniffer/Standards/Squiz/Sniffs/PHP/NonExecutableCodeSniff.php':[
63,
],
'project:PHP_CodeSniffer/CodeSniffer/Standards/Squiz/Sniffs/Strings/DoubleQuoteUsageSniff.php':[
59,
],
'project:PHP_CodeSniffer/CodeSniffer/Standards/Squiz/Sniffs/WhiteSpace/ControlStructureSpacingSniff.php':[
75,
],
'project:PHP_CodeSniffer/CodeSniffer/Standards/Squiz/Sniffs/WhiteSpace/FunctionOpeningBraceSpaceSniff.php':[
66,
],
'project:PHP_CodeSniffer/CodeSniffer/Standards/Squiz/Sniffs/WhiteSpace/OperatorSpacingSniff.php':[
76,
],
'project:PHP_CodeSniffer/CodeSniffer/Standards/Squiz/Sniffs/WhiteSpace/SuperfluousWhitespaceSniff.php':[
83,
],
'project:PHP_CodeSniffer/CodeSniffer/Standards/Squiz/Tests/WhiteSpace/SuperfluousWhitespaceUnitTest.php':[
46,
],
'project:PHP_CodeSniffer/CodeSniffer/Tokenizers/JS.php':[
843,
],
'project:stackphp-0.5beta1-source/examples/src/site_list.php':[
52,
],
'project:stackphp-0.5beta1-source/src/format.php':[
47,
77,
],
'project:stackphp-0.5beta1-source/src/paged_response.php':[
81,
],
'project:symfony/Symfony/Bridge/Doctrine/DataCollector/DoctrineDataCollector.php':[
155,
],
'project:symfony/Symfony/Bridge/Doctrine/DependencyInjection/AbstractDoctrineExtension.php':[
269,
],
'project:symfony/Symfony/Bridge/Doctrine/Form/DoctrineOrmTypeGuesser.php':[
39,
86,
],
'project:symfony/Symfony/Bridge/Propel1/Form/ChoiceList/ModelChoiceList.php':[
435,
],
'project:symfony/Symfony/Bridge/Propel1/Form/PropelTypeGuesser.php':[
32,
],
'project:symfony/Symfony/Bridge/Twig/NodeVisitor/TranslationDefaultDomainNodeVisitor.php':[
41,
],
'project:symfony/Symfony/Bridge/Twig/TwigEngine.php':[
71,
],
'project:symfony/Symfony/Bundle/FrameworkBundle/Console/Descriptor/Descriptor.php':[
199,
],
'project:symfony/Symfony/Bundle/FrameworkBundle/Templating/GlobalVariables.php':[
57,
],
'project:symfony/Symfony/Bundle/SecurityBundle/DependencyInjection/SecurityExtension.php':[
446,
508,
],
'project:symfony/Symfony/Component/BrowserKit/Client.php':[
544,
],
'project:symfony/Symfony/Component/BrowserKit/CookieJar.php':[
54,
],
'project:symfony/Symfony/Component/ClassLoader/UniversalClassLoader.php':[
265,
],
'project:symfony/Symfony/Component/Config/ConfigCache.php':[
61,
],
'project:symfony/Symfony/Component/Config/Definition/Dumper/XmlReferenceDumper.php':[
271,
],
'project:symfony/Symfony/Component/Config/Definition/Processor.php':[
77,
],
'project:symfony/Symfony/Component/Config/Exception/FileLoaderLoadException.php':[
49,
],
'project:symfony/Symfony/Component/Config/FileLocator.php':[
45,
],
'project:symfony/Symfony/Component/Config/Util/XmlUtils.php':[
178,
],
'project:symfony/Symfony/Component/Console/Application.php':[
789,
],
'project:symfony/Symfony/Component/Console/Formatter/OutputFormatter.php':[
173,
],
'project:symfony/Symfony/Component/Console/Helper/DialogHelper.php':[
260,
],
'project:symfony/Symfony/Component/Console/Shell.php':[
169,
],
'project:symfony/Symfony/Component/CssSelector/Parser/Parser.php':[
64,
],
'project:symfony/Symfony/Component/Debug/FatalErrorHandler/UndefinedFunctionFatalErrorHandler.php':[
28,
],
'project:symfony/Symfony/Component/DependencyInjection/Compiler/CheckReferenceValidityPass.php':[
124,
],
'project:symfony/Symfony/Component/DependencyInjection/Compiler/InlineServiceDefinitionsPass.php':[
120,
],
'project:symfony/Symfony/Component/DependencyInjection/Container.php':[
263,
],
'project:symfony/Symfony/Component/DependencyInjection/ContainerBuilder.php':[
460,
],
'project:symfony/Symfony/Component/DependencyInjection/Dumper/PhpDumper.php':[
479,
690,
1140,
1179,
],
'project:symfony/Symfony/Component/DependencyInjection/Dumper/XmlDumper.php':[
311,
],
'project:symfony/Symfony/Component/DependencyInjection/Dumper/YamlDumper.php':[
227,
],
'project:symfony/Symfony/Component/DomCrawler/Link.php':[
88,
],
'project:symfony/Symfony/Component/ExpressionLanguage/Node/BinaryNode.php':[
83,
],
'project:symfony/Symfony/Component/ExpressionLanguage/Parser.php':[
167,
],
'project:symfony/Symfony/Component/Finder/Comparator/Comparator.php':[
82,
],
'project:symfony/Symfony/Component/Finder/Iterator/FilecontentFilterIterator.php':[
28,
],
'project:symfony/Symfony/Component/Finder/Shell/Shell.php':[
74,
],
'project:symfony/Symfony/Component/Form/AbstractRendererEngine.php':[
155,
],
'project:symfony/Symfony/Component/Form/Extension/Core/Type/ChoiceType.php':[
190,
],
'project:symfony/Symfony/Component/Form/Extension/HttpFoundation/HttpFoundationRequestHandler.php':[
31,
],
'project:symfony/Symfony/Component/Form/Extension/Templating/TemplatingRendererEngine.php':[
58,
],
'project:symfony/Symfony/Component/Form/Extension/Validator/Constraints/FormValidator.php':[
141,
],
'project:symfony/Symfony/Component/Form/Extension/Validator/Type/BaseValidatorExtension.php':[
32,
],
'project:symfony/Symfony/Component/Form/Extension/Validator/ValidatorTypeGuesser.php':[
88,
193,
225,
],
'project:symfony/Symfony/Component/Form/Extension/Validator/ViolationMapper/ViolationMapper.php':[
150,
],
'project:symfony/Symfony/Component/Form/Form.php':[
206,
737,
],
'project:symfony/Symfony/Component/Form/FormView.php':[
64,
],
'project:symfony/Symfony/Component/Form/NativeRequestHandler.php':[
40,
173,
],
'project:symfony/Symfony/Component/HttpFoundation/File/MimeType/FileBinaryMimeTypeGuesser.php':[
55,
],
'project:symfony/Symfony/Component/HttpFoundation/HeaderBag.php':[
127,
],
'project:symfony/Symfony/Component/HttpFoundation/JsonResponse.php':[
155,
],
'project:symfony/Symfony/Component/HttpFoundation/ParameterBag.php':[
104,
],
'project:symfony/Symfony/Component/HttpFoundation/Request.php':[
946,
1664,
1756,
],
'project:symfony/Symfony/Component/HttpFoundation/RequestMatcher.php':[
133,
],
'project:symfony/Symfony/Component/HttpFoundation/Response.php':[
766,
],
'project:symfony/Symfony/Component/HttpFoundation/ResponseHeaderBag.php':[
297,
],
'project:symfony/Symfony/Component/HttpFoundation/Session/Attribute/NamespacedAttributeBag.php':[
108,
],
'project:symfony/Symfony/Component/HttpKernel/Controller/ControllerResolver.php':[
51,
],
'project:symfony/Symfony/Component/HttpKernel/DataCollector/LoggerDataCollector.php':[
102,
],
'project:symfony/Symfony/Component/HttpKernel/DataCollector/Util/ValueExporter.php':[
27,
],
'project:symfony/Symfony/Component/HttpKernel/Event/FilterControllerEvent.php':[
77,
],
'project:symfony/Symfony/Component/HttpKernel/EventListener/ProfilerListener.php':[
90,
],
'project:symfony/Symfony/Component/HttpKernel/Fragment/HIncludeFragmentRenderer.php':[
132,
],
'project:symfony/Symfony/Component/HttpKernel/HttpCache/HttpCache.php':[
306,
],
'project:symfony/Symfony/Component/HttpKernel/HttpCache/Store.php':[
120,
340,
],
'project:symfony/Symfony/Component/HttpKernel/HttpKernel.php':[
240,
],
'project:symfony/Symfony/Component/HttpKernel/Tests/Profiler/Mock/RedisMock.php':[
165,
],
'project:symfony/Symfony/Component/Intl/DateFormatter/DateFormat/DayOfWeekTransformer.php':[
25,
43,
],
'project:symfony/Symfony/Component/Intl/NumberFormatter/NumberFormatter.php':[
847,
],
'project:symfony/Symfony/Component/Intl/ResourceBundle/Transformer/Rule/LocaleBundleTransformationRule.php':[
182,
],
'project:symfony/Symfony/Component/Intl/ResourceBundle/Writer/TextBundleWriter.php':[
68,
],
'project:symfony/Symfony/Component/Process/PhpExecutableFinder.php':[
35,
],
'project:symfony/Symfony/Component/Process/Process.php':[
1055,
],
'project:symfony/Symfony/Component/Process/ProcessPipes.php':[
107,
269,
],
'project:symfony/Symfony/Component/PropertyAccess/StringUtil.php':[
127,
],
'project:symfony/Symfony/Component/Routing/Tests/Fixtures/dumper/url_matcher1.php':[
24,
],
'project:symfony/Symfony/Component/Routing/Tests/Fixtures/dumper/url_matcher2.php':[
24,
],
'project:symfony/Symfony/Component/Security/Acl/Voter/AclVoter.php':[
55,
],
'project:symfony/Symfony/Component/Security/Core/Authentication/Token/AbstractToken.php':[
244,
],
'project:symfony/Symfony/Component/Security/Core/Authorization/AccessDecisionManager.php':[
140,
],
'project:symfony/Symfony/Component/Security/Core/Authorization/Voter/AuthenticatedVoter.php':[
64,
],
'project:symfony/Symfony/Component/Security/Http/Authentication/DefaultAuthenticationSuccessHandler.php':[
89,
],
'project:symfony/Symfony/Component/Security/Http/Firewall/DigestAuthenticationListener.php':[
61,
],
'project:symfony/Symfony/Component/Security/Http/HttpUtils.php':[
102,
],
'project:symfony/Symfony/Component/Serializer/Encoder/JsonEncoder.php':[
101,
],
'project:symfony/Symfony/Component/Serializer/Encoder/XmlEncoder.php':[
289,
391,
],
'project:symfony/Symfony/Component/Serializer/Serializer.php':[
106,
],
'project:symfony/Symfony/Component/Translation/Loader/JsonFileLoader.php':[
62,
],
'project:symfony/Symfony/Component/Translation/MessageCatalogue.php':[
242,
],
'project:symfony/Symfony/Component/Translation/PluralizationRules.php':[
32,
],
'project:symfony/Symfony/Component/Validator/Constraints/FileValidator.php':[
32,
],
'project:symfony/Symfony/Component/Validator/Constraints/IbanValidator.php':[
28,
],
'project:symfony/Symfony/Component/Validator/Constraints/ImageValidator.php':[
29,
],
'project:symfony/Symfony/Component/Validator/Constraints/TypeValidator.php':[
28,
],
'project:symfony/Symfony/Component/Validator/Mapping/Loader/StaticMethodLoader.php':[
30,
],
'project:symfony/Symfony/Component/Yaml/Inline.php':[
94,
387,
],
'project:symfony/Symfony/Component/Yaml/Unescaper.php':[
68,
],
}
