{
'project:PHPExcel_1.7.9_doc/Classes/PHPExcel/CalcEngine/Logger.php':[
70,
125,
126,
127,
130,
131,
],
'project:PHPExcel_1.7.9_doc/Classes/PHPExcel/Calculation/Financial.php':[
1320,
1321,
1323,
1331,
1369,
1371,
1422,
],
'project:PHPExcel_1.7.9_doc/Classes/PHPExcel/Calculation/TextData.php':[
492,
],
'project:PHPExcel_1.7.9_doc/Classes/PHPExcel/Reader/CSV.php':[
190,
],
'project:PHPExcel_1.7.9_doc/Classes/PHPExcel/Reader/Excel2003XML.php':[
98,
],
'project:PHPExcel_1.7.9_doc/Classes/PHPExcel/Shared/PCLZip/pclzip.lib.php':[
32,
71,
155,
201,
335,
344,
347,
353,
371,
382,
531,
534,
540,
558,
565,
999,
1067,
1117,
1429,
1469,
1475,
1494,
1509,
1658,
1669,
1672,
1706,
1809,
1812,
1829,
1834,
1839,
1848,
1850,
1856,
1873,
1876,
1895,
1976,
1979,
1992,
2002,
2005,
2008,
2011,
2015,
2033,
2038,
2047,
2050,
2053,
2066,
2069,
2082,
2085,
2091,
2098,
2104,
2109,
2128,
2458,
2476,
2528,
2540,
2541,
2576,
2583,
2589,
2641,
2653,
2662,
2680,
2687,
2697,
2713,
2718,
2725,
2735,
2801,
2896,
2913,
2941,
2971,
2994,
2997,
3010,
3161,
3392,
3414,
3447,
3456,
3488,
3537,
3673,
3678,
3706,
3733,
3806,
3809,
3848,
3857,
3870,
3879,
3883,
3886,
3891,
3895,
3898,
3901,
3904,
3907,
3911,
3914,
3935,
3969,
4030,
4108,
4189,
4211,
4216,
4219,
4225,
4231,
4238,
4245,
4506,
4592,
4593,
4594,
4872,
4956,
4960,
5447,
5480,
5648,
5659,
],
'project:PHPExcel_1.7.9_doc/Classes/PHPExcel/Writer/Excel2007/Theme.php':[
131,
869,
],
'project:PHPExcel_1.7.9_doc/Classes/PHPExcel/Writer/Excel5/Escher.php':[
61,
318,
362,
470,
535,
536,
],
'project:PHPExcel_1.7.9_doc/Classes/PHPExcel/Writer/HTML.php':[
967,
968,
969,
1020,
1526,
],
'project:PHPExcel_1.7.9_doc/Examples/02types-xls.php':[
30,
31,
],
'project:PHPExcel_1.7.9_doc/Examples/02types.php':[
30,
31,
125,
],
'project:PHPMailer/extras/EasyPeasyICS.php':[
15,
21,
26,
35,
45,
46,
48,
51,
58,
72,
73,
],
'project:PHPMailer/extras/htmlfilter.php':[
725,
],
'project:PHP_CodeSniffer/CodeSniffer.php':[
808,
],
'project:PHP_CodeSniffer/CodeSniffer/Report.php':[
6,
56,
],
'project:PHP_CodeSniffer/CodeSniffer/Reporting.php':[
109,
112,
168,
173,
],
'project:PHP_CodeSniffer/CodeSniffer/Reports/Csv.php':[
79,
],
'project:PHP_CodeSniffer/CodeSniffer/Reports/Summary.php':[
84,
],
'project:PHP_CodeSniffer/CodeSniffer/Standards/Generic/Sniffs/CodeAnalysis/JumbledIncrementerSniff.php':[
18,
117,
],
'project:PHP_CodeSniffer/CodeSniffer/Standards/Generic/Sniffs/CodeAnalysis/UnconditionalIfStatementSniff.php':[
18,
],
'project:PHP_CodeSniffer/CodeSniffer/Standards/MySource/Sniffs/Channels/IncludeOwnSystemSniff.php':[
103,
],
'project:PHP_CodeSniffer/CodeSniffer/Standards/Squiz/Sniffs/Classes/ClassDeclarationSniff.php':[
65,
],
'project:PHP_CodeSniffer/CodeSniffer/Standards/Squiz/Sniffs/NamingConventions/ValidVariableNameSniff.php':[
231,
],
'project:PHP_CodeSniffer/CodeSniffer/Standards/Squiz/Tests/WhiteSpace/FunctionOpeningBraceSpaceUnitTest.php':[
69,
],
'project:PHP_CodeSniffer/CodeSniffer/Tokenizers/CSS.php':[
240,
],
'project:stackphp-0.5beta1-source/examples/index.php':[
7,
32,
37,
42,
46,
],
'project:stackphp-0.5beta1-source/examples/src/auth_explicit.php':[
20,
28,
35,
],
'project:stackphp-0.5beta1-source/examples/src/site_list.php':[
42,
],
'project:stackphp-0.5beta1-source/examples/src/user_info.php':[
13,
16,
22,
31,
35,
49,
],
'project:stackphp-0.5beta1-source/examples/src/user_list.php':[
13,
18,
21,
26,
28,
30,
33,
39,
42,
47,
48,
52,
],
'project:stackphp-0.5beta1-source/examples/src/user_search.php':[
16,
19,
23,
26,
39,
42,
48,
],
'project:stackphp-0.5beta1-source/examples/view_source.php':[
15,
21,
],
'project:stackphp-0.5beta1-source/src/api.php':[
62,
71,
80,
84,
87,
90,
94,
98,
101,
117,
121,
130,
147,
152,
160,
163,
166,
173,
177,
182,
201,
208,
212,
216,
220,
223,
228,
232,
235,
240,
243,
248,
255,
259,
263,
272,
277,
289,
292,
304,
307,
317,
329,
332,
343,
346,
356,
365,
368,
381,
],
'project:stackphp-0.5beta1-source/src/api_exception.php':[
15,
30,
42,
51,
60,
69,
],
'project:stackphp-0.5beta1-source/src/auth.php':[
17,
20,
23,
27,
30,
33,
52,
55,
59,
71,
77,
80,
],
'project:stackphp-0.5beta1-source/src/badge_request.php':[
18,
28,
38,
48,
58,
68,
],
'project:stackphp-0.5beta1-source/src/cache_base.php':[
16,
24,
27,
],
'project:stackphp-0.5beta1-source/src/combobox_output.php':[
11,
14,
25,
28,
42,
45,
58,
64,
68,
],
'project:stackphp-0.5beta1-source/src/event_request.php':[
17,
22,
],
'project:stackphp-0.5beta1-source/src/filestore_cache.php':[
19,
28,
34,
40,
44,
49,
57,
61,
64,
70,
73,
76,
79,
94,
97,
103,
107,
110,
116,
121,
131,
138,
147,
158,
161,
178,
182,
187,
192,
196,
205,
209,
214,
220,
229,
],
'project:stackphp-0.5beta1-source/src/filter.php':[
24,
27,
30,
34,
37,
40,
44,
47,
56,
63,
68,
72,
87,
90,
94,
97,
110,
113,
129,
144,
147,
150,
165,
168,
171,
180,
192,
195,
],
'project:stackphp-0.5beta1-source/src/format.php':[
9,
22,
26,
35,
44,
51,
69,
],
'project:stackphp-0.5beta1-source/src/inbox_item_request.php':[
20,
25,
35,
],
'project:stackphp-0.5beta1-source/src/output_element.php':[
13,
16,
19,
30,
],
'project:stackphp-0.5beta1-source/src/output_helper.php':[
34,
47,
58,
69,
],
'project:stackphp-0.5beta1-source/src/paged_request.php':[
11,
20,
23,
40,
42,
47,
56,
67,
78,
89,
100,
111,
122,
133,
142,
152,
162,
173,
187,
197,
207,
217,
],
'project:stackphp-0.5beta1-source/src/paged_response.php':[
26,
30,
33,
37,
41,
52,
62,
64,
70,
74,
87,
101,
112,
116,
134,
147,
151,
154,
158,
162,
165,
179,
182,
212,
219,
],
'project:stackphp-0.5beta1-source/src/paged_site_response.php':[
21,
34,
45,
],
'project:stackphp-0.5beta1-source/src/post_request.php':[
21,
28,
38,
48,
],
'project:stackphp-0.5beta1-source/src/question_request.php':[
18,
28,
38,
48,
58,
68,
78,
88,
99,
102,
105,
116,
119,
122,
132,
142,
152,
162,
174,
177,
189,
192,
203,
],
'project:stackphp-0.5beta1-source/src/site.php':[
25,
28,
38,
42,
53,
56,
63,
76,
80,
83,
92,
96,
99,
108,
112,
115,
124,
127,
130,
140,
149,
159,
168,
172,
175,
184,
199,
203,
206,
216,
219,
229,
239,
248,
257,
261,
264,
280,
284,
287,
299,
302,
314,
317,
329,
332,
336,
341,
351,
],
'project:stackphp-0.5beta1-source/src/sql_cache.php':[
21,
30,
33,
52,
61,
67,
72,
78,
90,
93,
97,
103,
114,
119,
124,
129,
135,
140,
148,
150,
],
'project:stackphp-0.5beta1-source/src/suggested_edit_request.php':[
21,
31,
],
'project:stackphp-0.5beta1-source/src/table_column.php':[
17,
32,
42,
45,
55,
59,
67,
70,
82,
],
'project:stackphp-0.5beta1-source/src/table_output.php':[
17,
21,
32,
43,
46,
56,
62,
73,
76,
79,
84,
88,
91,
94,
98,
111,
116,
123,
127,
139,
144,
],
'project:stackphp-0.5beta1-source/src/tag_request.php':[
23,
33,
43,
55,
66,
78,
87,
93,
104,
],
'project:stackphp-0.5beta1-source/src/tag_synonym_request.php':[
16,
19,
],
'project:stackphp-0.5beta1-source/src/url.php':[
29,
36,
40,
43,
47,
54,
56,
58,
61,
71,
74,
81,
94,
97,
101,
105,
109,
113,
117,
122,
126,
129,
132,
146,
149,
160,
172,
175,
186,
198,
201,
212,
224,
227,
242,
251,
265,
281,
291,
],
'project:stackphp-0.5beta1-source/src/user_request.php':[
21,
26,
36,
46,
56,
67,
77,
87,
98,
108,
118,
128,
138,
148,
158,
168,
171,
174,
184,
194,
204,
214,
],
'project:stackphp-0.5beta1-source/tests/api_test.php':[
18,
23,
26,
29,
32,
41,
43,
49,
225,
230,
],
'project:stackphp-0.5beta1-source/tests/cache_test.php':[
21,
26,
29,
34,
37,
42,
46,
51,
54,
57,
60,
64,
68,
73,
78,
80,
],
'project:stackphp-0.5beta1-source/tests/filter_test.php':[
19,
24,
28,
31,
34,
40,
44,
],
'project:stackphp-0.5beta1-source/tests/global_test.php':[
19,
24,
27,
33,
36,
39,
42,
],
'project:stackphp-0.5beta1-source/tests/question_test.php':[
20,
26,
],
'project:stackphp-0.5beta1-source/tests/run_tests.php':[
46,
49,
52,
55,
58,
62,
],
'project:stackphp-0.5beta1-source/tests/test.php':[
14,
19,
22,
28,
29,
32,
43,
47,
52,
58,
64,
70,
73,
86,
91,
99,
102,
],
'project:stackphp-0.5beta1-source/tests/url_test.php':[
21,
26,
29,
33,
37,
41,
45,
],
'project:stackphp-0.5beta1-source/tests/user_test.php':[
20,
25,
28,
30,
34,
37,
],
'project:symfony/Symfony/Component/Console/Tests/Helper/TableHelperTest.php':[
113,
114,
115,
116,
117,
126,
127,
128,
129,
130,
131,
132,
133,
],
}
