{
'project:PHPExcel_1.7.9_doc/Classes/PHPExcel/Calculation.php':[
3013,
],
'project:PHPExcel_1.7.9_doc/Classes/PHPExcel/Calculation/DateTime.php':[
665,
],
'project:PHPExcel_1.7.9_doc/Classes/PHPExcel/Calculation/Engineering.php':[
2022,
2487,
],
'project:PHPExcel_1.7.9_doc/Classes/PHPExcel/Calculation/FormulaParser.php':[
549,
567,
],
'project:PHPExcel_1.7.9_doc/Classes/PHPExcel/Calculation/LookupRef.php':[
565,
],
'project:PHPExcel_1.7.9_doc/Classes/PHPExcel/Calculation/MathTrig.php':[
183,
],
'project:PHPExcel_1.7.9_doc/Classes/PHPExcel/Calculation/Statistical.php':[
125,
],
'project:PHPExcel_1.7.9_doc/Classes/PHPExcel/Cell.php':[
879,
881,
],
'project:PHPExcel_1.7.9_doc/Classes/PHPExcel/Cell/DefaultValueBinder.php':[
95,
101,
],
'project:PHPExcel_1.7.9_doc/Classes/PHPExcel/Chart/Renderer/jpgraph.php':[
401,
721,
726,
780,
785,
790,
795,
809,
],
'project:PHPExcel_1.7.9_doc/Classes/PHPExcel/DocumentProperties.php':[
454,
528,
],
'project:PHPExcel_1.7.9_doc/Classes/PHPExcel/Reader/Excel2007/Chart.php':[
89,
113,
287,
],
'project:PHPExcel_1.7.9_doc/Classes/PHPExcel/Reader/Excel5.php':[
774,
1155,
1193,
1197,
1201,
1213,
1217,
1221,
1225,
1229,
1233,
1326,
1344,
1348,
1352,
1356,
1360,
1364,
1368,
1372,
1376,
1380,
1392,
6690,
6691,
6730,
6731,
6732,
6733,
6734,
6735,
6736,
6737,
6800,
6801,
6802,
6803,
6804,
6805,
6806,
6807,
6809,
6829,
],
'project:PHPExcel_1.7.9_doc/Classes/PHPExcel/Reader/Gnumeric.php':[
840,
],
'project:PHPExcel_1.7.9_doc/Classes/PHPExcel/ReferenceHelper.php':[
149,
798,
],
'project:PHPExcel_1.7.9_doc/Classes/PHPExcel/Shared/CodePage.php':[
91,
],
'project:PHPExcel_1.7.9_doc/Classes/PHPExcel/Shared/Font.php':[
559,
560,
],
'project:PHPExcel_1.7.9_doc/Classes/PHPExcel/Shared/JAMA/Matrix.php':[
916,
],
'project:PHPExcel_1.7.9_doc/Classes/PHPExcel/Shared/PCLZip/pclzip.lib.php':[
1594,
2028,
4759,
5627,
],
'project:PHPExcel_1.7.9_doc/Classes/PHPExcel/Style/NumberFormat.php':[
582,
],
'project:PHPExcel_1.7.9_doc/Classes/PHPExcel/Worksheet/AutoFilter.php':[
479,
],
'project:PHPExcel_1.7.9_doc/Classes/PHPExcel/Writer/Excel5.php':[
706,
893,
],
'project:PHPExcel_1.7.9_doc/Classes/PHPExcel/Writer/Excel5/Parser.php':[
532,
544,
1134,
1141,
1148,
1154,
1160,
1166,
1173,
1178,
1183,
1189,
1388,
1395,
1402,
1411,
1420,
],
'project:PHPExcel_1.7.9_doc/Classes/PHPExcel/Writer/Excel5/Worksheet.php':[
3469,
3470,
],
'project:PHPExcel_1.7.9_doc/Classes/PHPExcel/Writer/Excel5/Xf.php':[
525,
541,
],
'project:PHPExcel_1.7.9_doc/Classes/PHPExcel/Writer/HTML.php':[
235,
236,
242,
243,
245,
],
'project:PHP_CodeSniffer/CodeSniffer/DocGenerators/Text.php':[
109,
155,
190,
],
'project:PHP_CodeSniffer/CodeSniffer/File.php':[
2666,
2733,
2796,
],
'project:PHP_CodeSniffer/CodeSniffer/Standards/Generic/Sniffs/CodeAnalysis/ForLoopWithTestFunctionCallSniff.php':[
93,
],
'project:PHP_CodeSniffer/CodeSniffer/Standards/Generic/Sniffs/CodeAnalysis/UselessOverridingMethodSniff.php':[
91,
],
'project:PHP_CodeSniffer/CodeSniffer/Standards/Generic/Tests/Commenting/FixmeUnitTest.php':[
61,
],
'project:PHP_CodeSniffer/CodeSniffer/Standards/Generic/Tests/Commenting/TodoUnitTest.php':[
76,
],
'project:PHP_CodeSniffer/CodeSniffer/Standards/Squiz/Sniffs/Operators/ComparisonOperatorUsageSniff.php':[
135,
],
'project:PHP_CodeSniffer/CodeSniffer/Standards/Squiz/Sniffs/WhiteSpace/MemberVarSpacingSniff.php':[
54,
],
'project:PHP_CodeSniffer/CodeSniffer/Tokenizers/JS.php':[
892,
],
'project:symfony/Symfony/Bundle/FrameworkBundle/Translation/PhpExtractor.php':[
107,
],
'project:symfony/Symfony/Component/Config/Tests/Fixtures/Builder/NodeBuilder.php':[
28,
],
'project:symfony/Symfony/Component/Console/Input/ArgvInput.php':[
89,
],
'project:symfony/Symfony/Component/DependencyInjection/Dumper/PhpDumper.php':[
1070,
],
'project:symfony/Symfony/Component/Finder/Iterator/FileTypeFilterIterator.php':[
49,
],
'project:symfony/Symfony/Component/Form/Extension/Core/Type/ChoiceType.php':[
194,
],
'project:symfony/Symfony/Component/Form/Extension/Validator/Util/ServerParams.php':[
43,
44,
45,
],
'project:symfony/Symfony/Component/HttpFoundation/File/UploadedFile.php':[
282,
283,
284,
],
'project:symfony/Symfony/Component/HttpKernel/DataCollector/MemoryDataCollector.php':[
102,
103,
104,
],
'project:symfony/Symfony/Component/HttpKernel/Tests/HttpCache/HttpCacheTestCase.php':[
167,
],
'project:symfony/Symfony/Component/OptionsResolver/OptionsResolver.php':[
333,
],
'project:symfony/Symfony/Component/PropertyAccess/PropertyAccessor.php':[
232,
240,
363,
365,
372,
],
'project:symfony/Symfony/Component/Security/Acl/Domain/AuditLogger.php':[
39,
],
'project:symfony/Symfony/Component/Security/Acl/Voter/AclVoter.php':[
99,
],
'project:symfony/Symfony/Component/Validator/Constraints/TypeValidator.php':[
40,
42,
],
'project:symfony/Symfony/Component/Yaml/Unescaper.php':[
78,
],
}
