{
'project:PHPExcel_1.7.9_doc/Classes/PHPExcel/Calculation.php':[
2731,
3089,
],
'project:PHPExcel_1.7.9_doc/Classes/PHPExcel/Calculation/FormulaParser.php':[
156,
],
'project:PHPExcel_1.7.9_doc/Classes/PHPExcel/Calculation/Statistical.php':[
262,
],
'project:PHPExcel_1.7.9_doc/Classes/PHPExcel/Cell/AdvancedValueBinder.php':[
55,
],
'project:PHPExcel_1.7.9_doc/Classes/PHPExcel/Reader/Excel2003XML.php':[
293,
],
'project:PHPExcel_1.7.9_doc/Classes/PHPExcel/Reader/Excel2007.php':[
339,
1736,
],
'project:PHPExcel_1.7.9_doc/Classes/PHPExcel/Reader/Excel2007/Chart.php':[
63,
],
'project:PHPExcel_1.7.9_doc/Classes/PHPExcel/Reader/Excel5.php':[
568,
1085,
1245,
1772,
2055,
2563,
3551,
4245,
4434,
5040,
5204,
],
'project:PHPExcel_1.7.9_doc/Classes/PHPExcel/Reader/Gnumeric.php':[
230,
],
'project:PHPExcel_1.7.9_doc/Classes/PHPExcel/Reader/HTML.php':[
208,
],
'project:PHPExcel_1.7.9_doc/Classes/PHPExcel/Reader/OOCalc.php':[
170,
324,
],
'project:PHPExcel_1.7.9_doc/Classes/PHPExcel/Reader/SYLK.php':[
221,
],
'project:PHPExcel_1.7.9_doc/Classes/PHPExcel/ReferenceHelper.php':[
383,
648,
],
'project:PHPExcel_1.7.9_doc/Classes/PHPExcel/Shared/Font.php':[
426,
605,
],
'project:PHPExcel_1.7.9_doc/Classes/PHPExcel/Shared/JAMA/EigenvalueDecomposition.php':[
398,
],
'project:PHPExcel_1.7.9_doc/Classes/PHPExcel/Shared/JAMA/SingularValueDecomposition.php':[
61,
],
'project:PHPExcel_1.7.9_doc/Classes/PHPExcel/Shared/PCLZip/pclzip.lib.php':[
271,
454,
700,
857,
1426,
1870,
1999,
2159,
2525,
2798,
2910,
3275,
3615,
4042,
4154,
4525,
4682,
5047,
],
'project:PHPExcel_1.7.9_doc/Classes/PHPExcel/Shared/String.php':[
109,
],
'project:PHPExcel_1.7.9_doc/Classes/PHPExcel/Style.php':[
198,
],
'project:PHPExcel_1.7.9_doc/Classes/PHPExcel/Style/NumberFormat.php':[
544,
],
'project:PHPExcel_1.7.9_doc/Classes/PHPExcel/Worksheet/AutoFilter.php':[
466,
602,
],
'project:PHPExcel_1.7.9_doc/Classes/PHPExcel/Writer/Excel2007.php':[
167,
],
'project:PHPExcel_1.7.9_doc/Classes/PHPExcel/Writer/Excel2007/Chart.php':[
222,
416,
539,
687,
],
'project:PHPExcel_1.7.9_doc/Classes/PHPExcel/Writer/Excel2007/ContentTypes.php':[
46,
],
'project:PHPExcel_1.7.9_doc/Classes/PHPExcel/Writer/Excel2007/Drawing.php':[
172,
389,
],
'project:PHPExcel_1.7.9_doc/Classes/PHPExcel/Writer/Excel2007/Style.php':[
45,
],
'project:PHPExcel_1.7.9_doc/Classes/PHPExcel/Writer/Excel2007/Theme.php':[
139,
],
'project:PHPExcel_1.7.9_doc/Classes/PHPExcel/Writer/Excel2007/Worksheet.php':[
1050,
],
'project:PHPExcel_1.7.9_doc/Classes/PHPExcel/Writer/Excel5.php':[
118,
248,
412,
563,
764,
],
'project:PHPExcel_1.7.9_doc/Classes/PHPExcel/Writer/Excel5/Escher.php':[
75,
],
'project:PHPExcel_1.7.9_doc/Classes/PHPExcel/Writer/Excel5/Parser.php':[
139,
1091,
],
'project:PHPExcel_1.7.9_doc/Classes/PHPExcel/Writer/Excel5/Workbook.php':[
652,
1297,
],
'project:PHPExcel_1.7.9_doc/Classes/PHPExcel/Writer/Excel5/Worksheet.php':[
276,
2816,
3024,
],
'project:PHPExcel_1.7.9_doc/Classes/PHPExcel/Writer/HTML.php':[
356,
715,
1077,
],
'project:PHPMailer/class.phpmailer.php':[
1769,
],
'project:PHPMailer/class.smtp.php':[
293,
],
'project:PHPMailer/extras/htmlfilter.php':[
156,
592,
730,
],
'project:PHPMailer/test/phpmailerTest.php':[
321,
],
'project:PHP_CodeSniffer/CodeSniffer.php':[
391,
546,
732,
1306,
],
'project:PHP_CodeSniffer/CodeSniffer/CLI.php':[
302,
515,
],
'project:PHP_CodeSniffer/CodeSniffer/CommentParser/AbstractParser.php':[
266,
],
'project:PHP_CodeSniffer/CodeSniffer/DocGenerators/Text.php':[
138,
],
'project:PHP_CodeSniffer/CodeSniffer/File.php':[
410,
734,
866,
1483,
1823,
],
'project:PHP_CodeSniffer/CodeSniffer/Standards/AbstractPatternSniff.php':[
275,
],
'project:PHP_CodeSniffer/CodeSniffer/Standards/Generic/Sniffs/CodeAnalysis/UnusedFunctionParameterSniff.php':[
59,
],
'project:PHP_CodeSniffer/CodeSniffer/Standards/Generic/Sniffs/CodeAnalysis/UselessOverridingMethodSniff.php':[
64,
],
'project:PHP_CodeSniffer/CodeSniffer/Standards/Generic/Sniffs/Formatting/MultipleStatementAlignmentSniff.php':[
92,
],
'project:PHP_CodeSniffer/CodeSniffer/Standards/Generic/Sniffs/WhiteSpace/ScopeIndentSniff.php':[
106,
],
'project:PHP_CodeSniffer/CodeSniffer/Standards/MySource/Sniffs/Channels/IncludeSystemSniff.php':[
78,
],
'project:PHP_CodeSniffer/CodeSniffer/Standards/MySource/Sniffs/Channels/UnusedSystemSniff.php':[
51,
],
'project:PHP_CodeSniffer/CodeSniffer/Standards/MySource/Sniffs/Objects/CreateWidgetTypeCallbackSniff.php':[
58,
],
'project:PHP_CodeSniffer/CodeSniffer/Standards/PEAR/Sniffs/Commenting/ClassCommentSniff.php':[
77,
],
'project:PHP_CodeSniffer/CodeSniffer/Standards/PEAR/Sniffs/Commenting/FileCommentSniff.php':[
147,
351,
],
'project:PHP_CodeSniffer/CodeSniffer/Standards/PEAR/Sniffs/Commenting/FunctionCommentSniff.php':[
107,
310,
],
'project:PHP_CodeSniffer/CodeSniffer/Standards/PEAR/Sniffs/ControlStructures/MultiLineConditionSniff.php':[
63,
],
'project:PHP_CodeSniffer/CodeSniffer/Standards/PEAR/Sniffs/Functions/FunctionCallSignatureSniff.php':[
232,
],
'project:PHP_CodeSniffer/CodeSniffer/Standards/PEAR/Sniffs/Functions/FunctionDeclarationSniff.php':[
187,
],
'project:PHP_CodeSniffer/CodeSniffer/Standards/PEAR/Sniffs/WhiteSpace/ObjectOperatorIndentSniff.php':[
61,
],
'project:PHP_CodeSniffer/CodeSniffer/Standards/PEAR/Tests/NamingConventions/ValidFunctionNameUnitTest.php':[
43,
],
'project:PHP_CodeSniffer/CodeSniffer/Standards/PSR1/Sniffs/Files/SideEffectsSniff.php':[
92,
],
'project:PHP_CodeSniffer/CodeSniffer/Standards/PSR2/Sniffs/Classes/ClassDeclarationSniff.php':[
65,
],
'project:PHP_CodeSniffer/CodeSniffer/Standards/Squiz/Sniffs/Arrays/ArrayDeclarationSniff.php':[
53,
],
'project:PHP_CodeSniffer/CodeSniffer/Standards/Squiz/Sniffs/Commenting/BlockCommentSniff.php':[
58,
],
'project:PHP_CodeSniffer/CodeSniffer/Standards/Squiz/Sniffs/Commenting/ClassCommentSniff.php':[
68,
],
'project:PHP_CodeSniffer/CodeSniffer/Standards/Squiz/Sniffs/Commenting/FileCommentSniff.php':[
94,
296,
],
'project:PHP_CodeSniffer/CodeSniffer/Standards/Squiz/Sniffs/Commenting/FunctionCommentSniff.php':[
117,
361,
555,
],
'project:PHP_CodeSniffer/CodeSniffer/Standards/Squiz/Sniffs/Commenting/FunctionCommentThrowTagSniff.php':[
60,
],
'project:PHP_CodeSniffer/CodeSniffer/Standards/Squiz/Sniffs/Commenting/InlineCommentSniff.php':[
67,
],
'project:PHP_CodeSniffer/CodeSniffer/Standards/Squiz/Sniffs/Commenting/VariableCommentSniff.php':[
66,
],
'project:PHP_CodeSniffer/CodeSniffer/Standards/Squiz/Sniffs/ControlStructures/ForEachLoopDeclarationSniff.php':[
70,
],
'project:PHP_CodeSniffer/CodeSniffer/Standards/Squiz/Sniffs/ControlStructures/ForLoopDeclarationSniff.php':[
79,
],
'project:PHP_CodeSniffer/CodeSniffer/Standards/Squiz/Sniffs/ControlStructures/SwitchDeclarationSniff.php':[
73,
],
'project:PHP_CodeSniffer/CodeSniffer/Standards/Squiz/Sniffs/Formatting/OperatorBracketSniff.php':[
65,
],
'project:PHP_CodeSniffer/CodeSniffer/Standards/Squiz/Sniffs/Functions/FunctionDeclarationArgumentSpacingSniff.php':[
109,
],
'project:PHP_CodeSniffer/CodeSniffer/Standards/Squiz/Sniffs/PHP/CommentedOutCodeSniff.php':[
72,
],
'project:PHP_CodeSniffer/CodeSniffer/Standards/Squiz/Sniffs/PHP/DisallowMultipleAssignmentsSniff.php':[
56,
],
'project:PHP_CodeSniffer/CodeSniffer/Standards/Squiz/Sniffs/PHP/NonExecutableCodeSniff.php':[
62,
],
'project:PHP_CodeSniffer/CodeSniffer/Standards/Squiz/Sniffs/WhiteSpace/ControlStructureSpacingSniff.php':[
74,
],
'project:PHP_CodeSniffer/CodeSniffer/Standards/Squiz/Sniffs/WhiteSpace/FunctionSpacingSniff.php':[
62,
],
'project:PHP_CodeSniffer/CodeSniffer/Standards/Squiz/Sniffs/WhiteSpace/OperatorSpacingSniff.php':[
75,
],
'project:PHP_CodeSniffer/CodeSniffer/Standards/Squiz/Sniffs/WhiteSpace/SuperfluousWhitespaceSniff.php':[
82,
],
'project:PHP_CodeSniffer/CodeSniffer/Tokenizers/CSS.php':[
44,
],
'project:PHP_CodeSniffer/CodeSniffer/Tokenizers/JS.php':[
256,
842,
974,
],
'project:PHP_CodeSniffer/CodeSniffer/Tokenizers/PHP.php':[
273,
596,
],
'project:PHP_CodeSniffer/tests/Standards/AbstractSniffUnitTest.php':[
150,
],
'project:stackphp-0.5beta1-source/tests/api_test.php':[
50,
],
'project:symfony/Symfony/Bridge/Doctrine/Form/Type/DoctrineType.php':[
61,
],
'project:symfony/Symfony/Bundle/FrameworkBundle/DependencyInjection/Configuration.php':[
259,
],
'project:symfony/Symfony/Bundle/FrameworkBundle/DependencyInjection/FrameworkExtension.php':[
42,
393,
],
'project:symfony/Symfony/Bundle/SecurityBundle/DependencyInjection/MainConfiguration.php':[
187,
],
'project:symfony/Symfony/Bundle/SecurityBundle/DependencyInjection/SecurityExtension.php':[
248,
],
'project:symfony/Symfony/Component/Config/Definition/Dumper/XmlReferenceDumper.php':[
50,
],
'project:symfony/Symfony/Component/Config/Definition/Dumper/YamlReferenceDumper.php':[
50,
],
'project:symfony/Symfony/Component/Console/Helper/DialogHelper.php':[
99,
],
'project:symfony/Symfony/Component/Console/Tests/Helper/TableHelperTest.php':[
82,
],
'project:symfony/Symfony/Component/CssSelector/Parser/Parser.php':[
178,
],
'project:symfony/Symfony/Component/CssSelector/Tests/XPath/TranslatorTest.php':[
148,
],
'project:symfony/Symfony/Component/DependencyInjection/Dumper/PhpDumper.php':[
510,
],
'project:symfony/Symfony/Component/DependencyInjection/Loader/YamlFileLoader.php':[
128,
],
'project:symfony/Symfony/Component/Form/Extension/Core/Type/DateTimeType.php':[
70,
],
'project:symfony/Symfony/Component/Form/Form.php':[
496,
],
'project:symfony/Symfony/Component/Form/FormRenderer.php':[
165,
],
'project:symfony/Symfony/Component/Form/Tests/Extension/Validator/ViolationMapper/ViolationMapperTest.php':[
207,
763,
1235,
],
'project:symfony/Symfony/Component/HttpFoundation/Tests/RequestTest.php':[
100,
345,
463,
],
'project:symfony/Symfony/Component/HttpKernel/DataCollector/RequestDataCollector.php':[
40,
],
'project:symfony/Symfony/Component/Intl/Tests/DateFormatter/AbstractIntlDateFormatterTest.php':[
61,
],
'project:symfony/Symfony/Component/PropertyAccess/Tests/StringUtilTest.php':[
18,
],
'project:symfony/Symfony/Component/Routing/Generator/UrlGenerator.php':[
148,
],
'project:symfony/Symfony/Component/Routing/Matcher/Dumper/PhpMatcherDumper.php':[
199,
],
'project:symfony/Symfony/Component/Routing/Tests/Fixtures/dumper/url_matcher1.php':[
23,
],
'project:symfony/Symfony/Component/Routing/Tests/Fixtures/dumper/url_matcher2.php':[
23,
],
'project:symfony/Symfony/Component/Routing/Tests/Generator/UrlGeneratorTest.php':[
546,
],
'project:symfony/Symfony/Component/Routing/Tests/Matcher/ApacheUrlMatcherTest.php':[
47,
],
'project:symfony/Symfony/Component/Routing/Tests/Matcher/Dumper/ApacheMatcherDumperTest.php':[
63,
],
'project:symfony/Symfony/Component/Routing/Tests/Matcher/Dumper/PhpMatcherDumperTest.php':[
46,
],
'project:symfony/Symfony/Component/Routing/Tests/RouteCompilerTest.php':[
33,
],
'project:symfony/Symfony/Component/Security/Acl/Dbal/AclProvider.php':[
90,
486,
],
'project:symfony/Symfony/Component/Security/Acl/Dbal/MutableAclProvider.php':[
233,
],
'project:symfony/Symfony/Component/Translation/PluralizationRules.php':[
31,
],
'project:symfony/Symfony/Component/Validator/Constraints/FileValidator.php':[
31,
],
'project:symfony/Symfony/Component/Validator/Constraints/ImageValidator.php':[
28,
],
'project:symfony/Symfony/Component/Yaml/Parser.php':[
52,
],
'project:symfony/Symfony/Component/Yaml/Tests/ParserTest.php':[
108,
],
}
