{
'project:PHPExcel_1.7.9_doc/Classes/PHPExcel.php':[
808,
],
'project:PHPExcel_1.7.9_doc/Classes/PHPExcel/Calculation.php':[
1959,
2226,
2366,
2491,
2534,
2577,
2643,
2731,
3089,
3515,
3589,
],
'project:PHPExcel_1.7.9_doc/Classes/PHPExcel/Calculation/Database.php':[
98,
],
'project:PHPExcel_1.7.9_doc/Classes/PHPExcel/Calculation/DateTime.php':[
292,
386,
481,
618,
791,
886,
968,
1106,
1400,
1445,
],
'project:PHPExcel_1.7.9_doc/Classes/PHPExcel/Calculation/Engineering.php':[
696,
796,
848,
937,
1017,
1640,
2040,
2421,
],
'project:PHPExcel_1.7.9_doc/Classes/PHPExcel/Calculation/Financial.php':[
201,
253,
451,
509,
579,
638,
694,
765,
908,
975,
1336,
1500,
1621,
1725,
2022,
2106,
2162,
2200,
2249,
],
'project:PHPExcel_1.7.9_doc/Classes/PHPExcel/Calculation/FormulaParser.php':[
156,
],
'project:PHPExcel_1.7.9_doc/Classes/PHPExcel/Calculation/Functions.php':[
513,
552,
693,
],
'project:PHPExcel_1.7.9_doc/Classes/PHPExcel/Calculation/Logical.php':[
103,
158,
],
'project:PHPExcel_1.7.9_doc/Classes/PHPExcel/Calculation/LookupRef.php':[
70,
112,
186,
298,
364,
451,
490,
603,
693,
753,
],
'project:PHPExcel_1.7.9_doc/Classes/PHPExcel/Calculation/MathTrig.php':[
100,
347,
452,
527,
569,
605,
1064,
],
'project:PHPExcel_1.7.9_doc/Classes/PHPExcel/Calculation/Statistical.php':[
65,
262,
700,
748,
790,
884,
922,
980,
1046,
1104,
1131,
1330,
1434,
1482,
1591,
1623,
1768,
1815,
1922,
1960,
2013,
2165,
2327,
2481,
2518,
2612,
2658,
2735,
2932,
2997,
3044,
3096,
3143,
3219,
3279,
3372,
3456,
3551,
3604,
],
'project:PHPExcel_1.7.9_doc/Classes/PHPExcel/Calculation/TextData.php':[
50,
139,
232,
268,
517,
],
'project:PHPExcel_1.7.9_doc/Classes/PHPExcel/Cell.php':[
275,
],
'project:PHPExcel_1.7.9_doc/Classes/PHPExcel/Cell/AdvancedValueBinder.php':[
55,
],
'project:PHPExcel_1.7.9_doc/Classes/PHPExcel/Cell/DefaultValueBinder.php':[
75,
],
'project:PHPExcel_1.7.9_doc/Classes/PHPExcel/Chart/DataSeriesValues.php':[
280,
],
'project:PHPExcel_1.7.9_doc/Classes/PHPExcel/Chart/Renderer/jpgraph.php':[
329,
595,
703,
750,
],
'project:PHPExcel_1.7.9_doc/Classes/PHPExcel/DocumentProperties.php':[
477,
535,
],
'project:PHPExcel_1.7.9_doc/Classes/PHPExcel/IOFactory.php':[
221,
],
'project:PHPExcel_1.7.9_doc/Classes/PHPExcel/Reader/CSV.php':[
145,
242,
],
'project:PHPExcel_1.7.9_doc/Classes/PHPExcel/Reader/Excel2003XML.php':[
293,
],
'project:PHPExcel_1.7.9_doc/Classes/PHPExcel/Reader/Excel2007.php':[
165,
339,
1713,
1736,
1872,
],
'project:PHPExcel_1.7.9_doc/Classes/PHPExcel/Reader/Excel2007/Chart.php':[
63,
247,
393,
],
'project:PHPExcel_1.7.9_doc/Classes/PHPExcel/Reader/Excel5.php':[
473,
568,
1085,
1245,
1636,
1772,
2055,
2563,
3376,
3551,
4245,
4434,
5040,
5204,
6596,
6625,
6658,
6679,
6703,
6773,
],
'project:PHPExcel_1.7.9_doc/Classes/PHPExcel/Reader/Excel5/Escher.php':[
99,
],
'project:PHPExcel_1.7.9_doc/Classes/PHPExcel/Reader/Gnumeric.php':[
145,
230,
797,
],
'project:PHPExcel_1.7.9_doc/Classes/PHPExcel/Reader/HTML.php':[
208,
],
'project:PHPExcel_1.7.9_doc/Classes/PHPExcel/Reader/OOCalc.php':[
70,
120,
170,
324,
],
'project:PHPExcel_1.7.9_doc/Classes/PHPExcel/Reader/SYLK.php':[
221,
],
'project:PHPExcel_1.7.9_doc/Classes/PHPExcel/ReferenceHelper.php':[
383,
648,
878,
],
'project:PHPExcel_1.7.9_doc/Classes/PHPExcel/Shared/CodePage.php':[
46,
],
'project:PHPExcel_1.7.9_doc/Classes/PHPExcel/Shared/Date.php':[
282,
347,
],
'project:PHPExcel_1.7.9_doc/Classes/PHPExcel/Shared/Excel5.php':[
245,
],
'project:PHPExcel_1.7.9_doc/Classes/PHPExcel/Shared/File.php':[
135,
],
'project:PHPExcel_1.7.9_doc/Classes/PHPExcel/Shared/Font.php':[
426,
605,
],
'project:PHPExcel_1.7.9_doc/Classes/PHPExcel/Shared/JAMA/CholeskyDecomposition.php':[
108,
],
'project:PHPExcel_1.7.9_doc/Classes/PHPExcel/Shared/JAMA/EigenvalueDecomposition.php':[
76,
185,
291,
398,
],
'project:PHPExcel_1.7.9_doc/Classes/PHPExcel/Shared/JAMA/LUDecomposition.php':[
63,
224,
],
'project:PHPExcel_1.7.9_doc/Classes/PHPExcel/Shared/JAMA/Matrix.php':[
66,
171,
424,
460,
510,
546,
597,
634,
685,
741,
778,
815,
851,
942,
992,
],
'project:PHPExcel_1.7.9_doc/Classes/PHPExcel/Shared/JAMA/QRDecomposition.php':[
54,
194,
],
'project:PHPExcel_1.7.9_doc/Classes/PHPExcel/Shared/JAMA/SingularValueDecomposition.php':[
61,
],
'project:PHPExcel_1.7.9_doc/Classes/PHPExcel/Shared/OLE.php':[
96,
266,
],
'project:PHPExcel_1.7.9_doc/Classes/PHPExcel/Shared/OLE/ChainedBlockStream.php':[
75,
],
'project:PHPExcel_1.7.9_doc/Classes/PHPExcel/Shared/OLE/PPS/Root.php':[
71,
180,
387,
],
'project:PHPExcel_1.7.9_doc/Classes/PHPExcel/Shared/OLERead.php':[
76,
173,
],
'project:PHPExcel_1.7.9_doc/Classes/PHPExcel/Shared/PCLZip/pclzip.lib.php':[
271,
454,
700,
857,
1426,
1870,
1999,
2159,
2463,
2525,
2798,
2910,
3275,
3615,
3966,
4042,
4154,
4525,
4682,
4992,
5047,
5396,
5477,
5554,
],
'project:PHPExcel_1.7.9_doc/Classes/PHPExcel/Shared/String.php':[
293,
],
'project:PHPExcel_1.7.9_doc/Classes/PHPExcel/Shared/ZipStreamWrapper.php':[
168,
],
'project:PHPExcel_1.7.9_doc/Classes/PHPExcel/Shared/trend/trendClass.php':[
87,
],
'project:PHPExcel_1.7.9_doc/Classes/PHPExcel/Style.php':[
198,
],
'project:PHPExcel_1.7.9_doc/Classes/PHPExcel/Style/Border.php':[
120,
150,
],
'project:PHPExcel_1.7.9_doc/Classes/PHPExcel/Style/Borders.php':[
227,
],
'project:PHPExcel_1.7.9_doc/Classes/PHPExcel/Style/Font.php':[
187,
],
'project:PHPExcel_1.7.9_doc/Classes/PHPExcel/Style/NumberFormat.php':[
544,
],
'project:PHPExcel_1.7.9_doc/Classes/PHPExcel/Worksheet.php':[
687,
794,
1100,
1197,
2202,
2403,
],
'project:PHPExcel_1.7.9_doc/Classes/PHPExcel/Worksheet/AutoFilter.php':[
356,
466,
602,
],
'project:PHPExcel_1.7.9_doc/Classes/PHPExcel/Worksheet/PageSetup.php':[
645,
],
'project:PHPExcel_1.7.9_doc/Classes/PHPExcel/Worksheet/Protection.php':[
169,
],
'project:PHPExcel_1.7.9_doc/Classes/PHPExcel/Writer/Excel2007.php':[
167,
],
'project:PHPExcel_1.7.9_doc/Classes/PHPExcel/Writer/Excel2007/Chart.php':[
222,
361,
687,
918,
],
'project:PHPExcel_1.7.9_doc/Classes/PHPExcel/Writer/Excel2007/ContentTypes.php':[
46,
],
'project:PHPExcel_1.7.9_doc/Classes/PHPExcel/Writer/Excel2007/StringTable.php':[
46,
150,
],
'project:PHPExcel_1.7.9_doc/Classes/PHPExcel/Writer/Excel2007/Style.php':[
277,
394,
463,
],
'project:PHPExcel_1.7.9_doc/Classes/PHPExcel/Writer/Excel2007/Worksheet.php':[
202,
426,
461,
536,
743,
953,
1050,
],
'project:PHPExcel_1.7.9_doc/Classes/PHPExcel/Writer/Excel5.php':[
118,
412,
764,
],
'project:PHPExcel_1.7.9_doc/Classes/PHPExcel/Writer/Excel5/Escher.php':[
75,
],
'project:PHPExcel_1.7.9_doc/Classes/PHPExcel/Writer/Excel5/Parser.php':[
515,
782,
849,
1091,
1267,
1369,
1457,
1539,
],
'project:PHPExcel_1.7.9_doc/Classes/PHPExcel/Writer/Excel5/Workbook.php':[
652,
1297,
],
'project:PHPExcel_1.7.9_doc/Classes/PHPExcel/Writer/Excel5/Worksheet.php':[
276,
1732,
2182,
2440,
2613,
2816,
2976,
3024,
3635,
],
'project:PHPExcel_1.7.9_doc/Classes/PHPExcel/Writer/Excel5/Xf.php':[
169,
],
'project:PHPExcel_1.7.9_doc/Classes/PHPExcel/Writer/HTML.php':[
212,
230,
305,
356,
509,
715,
1077,
1417,
],
'project:PHPMailer/class.phpmailer.php':[
754,
844,
946,
1014,
1053,
1110,
1175,
1245,
1453,
1604,
1769,
2068,
2247,
2816,
3012,
],
'project:PHPMailer/class.pop3.php':[
220,
],
'project:PHPMailer/class.smtp.php':[
186,
293,
496,
835,
],
'project:PHPMailer/extras/class.html2text.php':[
489,
622,
],
'project:PHPMailer/extras/htmlfilter.php':[
156,
517,
592,
],
'project:PHP_CodeSniffer/CodeSniffer.php':[
391,
546,
732,
876,
1036,
1306,
1637,
1754,
1867,
2103,
],
'project:PHP_CodeSniffer/CodeSniffer/CLI.php':[
93,
179,
237,
302,
515,
],
'project:PHP_CodeSniffer/CodeSniffer/CommentParser/AbstractDocElement.php':[
129,
],
'project:PHP_CodeSniffer/CodeSniffer/CommentParser/AbstractParser.php':[
266,
],
'project:PHP_CodeSniffer/CodeSniffer/DocGenerators/Text.php':[
138,
],
'project:PHP_CodeSniffer/CodeSniffer/File.php':[
410,
734,
866,
1249,
1483,
1823,
2149,
2273,
2361,
2509,
2640,
2707,
2765,
2885,
],
'project:PHP_CodeSniffer/CodeSniffer/Reporting.php':[
237,
],
'project:PHP_CodeSniffer/CodeSniffer/Reports/Full.php':[
49,
],
'project:PHP_CodeSniffer/CodeSniffer/Reports/Source.php':[
98,
],
'project:PHP_CodeSniffer/CodeSniffer/Reports/VersionControl.php':[
75,
162,
],
'project:PHP_CodeSniffer/CodeSniffer/Standards/AbstractPatternSniff.php':[
207,
275,
787,
],
'project:PHP_CodeSniffer/CodeSniffer/Standards/AbstractVariableSniff.php':[
96,
],
'project:PHP_CodeSniffer/CodeSniffer/Standards/Generic/Sniffs/CodeAnalysis/UnusedFunctionParameterSniff.php':[
59,
],
'project:PHP_CodeSniffer/CodeSniffer/Standards/Generic/Sniffs/CodeAnalysis/UselessOverridingMethodSniff.php':[
64,
],
'project:PHP_CodeSniffer/CodeSniffer/Standards/Generic/Sniffs/ControlStructures/InlineControlStructureSniff.php':[
80,
],
'project:PHP_CodeSniffer/CodeSniffer/Standards/Generic/Sniffs/Debug/ClosureLinterSniff.php':[
77,
],
'project:PHP_CodeSniffer/CodeSniffer/Standards/Generic/Sniffs/Formatting/MultipleStatementAlignmentSniff.php':[
92,
],
'project:PHP_CodeSniffer/CodeSniffer/Standards/Generic/Sniffs/Functions/CallTimePassByReferenceSniff.php':[
56,
],
'project:PHP_CodeSniffer/CodeSniffer/Standards/Generic/Sniffs/Functions/FunctionCallArgumentSpacingSniff.php':[
55,
],
'project:PHP_CodeSniffer/CodeSniffer/Standards/Generic/Sniffs/Functions/OpeningFunctionBraceKernighanRitchieSniff.php':[
56,
],
'project:PHP_CodeSniffer/CodeSniffer/Standards/Generic/Sniffs/NamingConventions/CamelCapsFunctionNameSniff.php':[
117,
],
'project:PHP_CodeSniffer/CodeSniffer/Standards/Generic/Sniffs/NamingConventions/ConstructorNameSniff.php':[
60,
],
'project:PHP_CodeSniffer/CodeSniffer/Standards/Generic/Sniffs/NamingConventions/UpperCaseConstantNameSniff.php':[
55,
],
'project:PHP_CodeSniffer/CodeSniffer/Standards/Generic/Sniffs/PHP/LowerCaseConstantSniff.php':[
68,
],
'project:PHP_CodeSniffer/CodeSniffer/Standards/Generic/Sniffs/PHP/UpperCaseConstantSniff.php':[
59,
],
'project:PHP_CodeSniffer/CodeSniffer/Standards/Generic/Sniffs/Strings/UnnecessaryStringConcatSniff.php':[
74,
],
'project:PHP_CodeSniffer/CodeSniffer/Standards/Generic/Sniffs/VersionControl/SubversionPropertiesSniff.php':[
67,
],
'project:PHP_CodeSniffer/CodeSniffer/Standards/Generic/Sniffs/WhiteSpace/ScopeIndentSniff.php':[
106,
370,
],
'project:PHP_CodeSniffer/CodeSniffer/Standards/MySource/Sniffs/Channels/DisallowSelfActionsSniff.php':[
51,
],
'project:PHP_CodeSniffer/CodeSniffer/Standards/MySource/Sniffs/Channels/IncludeSystemSniff.php':[
78,
222,
],
'project:PHP_CodeSniffer/CodeSniffer/Standards/MySource/Sniffs/Channels/UnusedSystemSniff.php':[
51,
],
'project:PHP_CodeSniffer/CodeSniffer/Standards/MySource/Sniffs/Commenting/FunctionCommentSniff.php':[
46,
],
'project:PHP_CodeSniffer/CodeSniffer/Standards/MySource/Sniffs/Objects/CreateWidgetTypeCallbackSniff.php':[
58,
],
'project:PHP_CodeSniffer/CodeSniffer/Standards/MySource/Sniffs/PHP/AjaxNullComparisonSniff.php':[
54,
],
'project:PHP_CodeSniffer/CodeSniffer/Standards/MySource/Sniffs/PHP/EvalObjectFactorySniff.php':[
51,
],
'project:PHP_CodeSniffer/CodeSniffer/Standards/MySource/Sniffs/PHP/GetRequestDataSniff.php':[
51,
],
'project:PHP_CodeSniffer/CodeSniffer/Standards/PEAR/Sniffs/Classes/ClassDeclarationSniff.php':[
65,
],
'project:PHP_CodeSniffer/CodeSniffer/Standards/PEAR/Sniffs/Commenting/ClassCommentSniff.php':[
77,
],
'project:PHP_CodeSniffer/CodeSniffer/Standards/PEAR/Sniffs/Commenting/FileCommentSniff.php':[
147,
351,
],
'project:PHP_CodeSniffer/CodeSniffer/Standards/PEAR/Sniffs/Commenting/FunctionCommentSniff.php':[
107,
310,
],
'project:PHP_CodeSniffer/CodeSniffer/Standards/PEAR/Sniffs/ControlStructures/MultiLineConditionSniff.php':[
63,
],
'project:PHP_CodeSniffer/CodeSniffer/Standards/PEAR/Sniffs/Files/IncludingFileSniff.php':[
74,
],
'project:PHP_CodeSniffer/CodeSniffer/Standards/PEAR/Sniffs/Formatting/MultiLineAssignmentSniff.php':[
60,
],
'project:PHP_CodeSniffer/CodeSniffer/Standards/PEAR/Sniffs/Functions/FunctionCallSignatureSniff.php':[
81,
232,
],
'project:PHP_CodeSniffer/CodeSniffer/Standards/PEAR/Sniffs/Functions/FunctionDeclarationSniff.php':[
63,
187,
],
'project:PHP_CodeSniffer/CodeSniffer/Standards/PEAR/Sniffs/NamingConventions/ValidFunctionNameSniff.php':[
89,
182,
],
'project:PHP_CodeSniffer/CodeSniffer/Standards/PEAR/Sniffs/NamingConventions/ValidVariableNameSniff.php':[
46,
],
'project:PHP_CodeSniffer/CodeSniffer/Standards/PEAR/Sniffs/WhiteSpace/ObjectOperatorIndentSniff.php':[
61,
],
'project:PHP_CodeSniffer/CodeSniffer/Standards/PEAR/Sniffs/WhiteSpace/ScopeClosingBraceSniff.php':[
62,
],
'project:PHP_CodeSniffer/CodeSniffer/Standards/PSR1/Sniffs/Files/SideEffectsSniff.php':[
92,
],
'project:PHP_CodeSniffer/CodeSniffer/Standards/PSR2/Sniffs/Classes/ClassDeclarationSniff.php':[
65,
],
'project:PHP_CodeSniffer/CodeSniffer/Standards/PSR2/Sniffs/ControlStructures/SwitchDeclarationSniff.php':[
60,
],
'project:PHP_CodeSniffer/CodeSniffer/Standards/PSR2/Sniffs/Methods/MethodDeclarationSniff.php':[
55,
],
'project:PHP_CodeSniffer/CodeSniffer/Standards/PSR2/Sniffs/Namespaces/UseDeclarationSniff.php':[
53,
],
'project:PHP_CodeSniffer/CodeSniffer/Standards/Squiz/Sniffs/Arrays/ArrayDeclarationSniff.php':[
53,
],
'project:PHP_CodeSniffer/CodeSniffer/Standards/Squiz/Sniffs/CSS/IndentationSniff.php':[
67,
],
'project:PHP_CodeSniffer/CodeSniffer/Standards/Squiz/Sniffs/CSS/OpacitySniff.php':[
60,
],
'project:PHP_CodeSniffer/CodeSniffer/Standards/Squiz/Sniffs/CSS/ShorthandSizeSniff.php':[
76,
],
'project:PHP_CodeSniffer/CodeSniffer/Standards/Squiz/Sniffs/Classes/SelfMemberReferenceSniff.php':[
63,
],
'project:PHP_CodeSniffer/CodeSniffer/Standards/Squiz/Sniffs/Commenting/BlockCommentSniff.php':[
58,
],
'project:PHP_CodeSniffer/CodeSniffer/Standards/Squiz/Sniffs/Commenting/ClassCommentSniff.php':[
68,
],
'project:PHP_CodeSniffer/CodeSniffer/Standards/Squiz/Sniffs/Commenting/ClosingDeclarationCommentSniff.php':[
59,
],
'project:PHP_CodeSniffer/CodeSniffer/Standards/Squiz/Sniffs/Commenting/DocCommentAlignmentSniff.php':[
55,
],
'project:PHP_CodeSniffer/CodeSniffer/Standards/Squiz/Sniffs/Commenting/FileCommentSniff.php':[
94,
296,
],
'project:PHP_CodeSniffer/CodeSniffer/Standards/Squiz/Sniffs/Commenting/FunctionCommentSniff.php':[
117,
361,
498,
555,
],
'project:PHP_CodeSniffer/CodeSniffer/Standards/Squiz/Sniffs/Commenting/FunctionCommentThrowTagSniff.php':[
60,
],
'project:PHP_CodeSniffer/CodeSniffer/Standards/Squiz/Sniffs/Commenting/InlineCommentSniff.php':[
67,
],
'project:PHP_CodeSniffer/CodeSniffer/Standards/Squiz/Sniffs/Commenting/LongConditionClosingCommentSniff.php':[
86,
],
'project:PHP_CodeSniffer/CodeSniffer/Standards/Squiz/Sniffs/Commenting/PostStatementCommentSniff.php':[
65,
],
'project:PHP_CodeSniffer/CodeSniffer/Standards/Squiz/Sniffs/Commenting/VariableCommentSniff.php':[
66,
],
'project:PHP_CodeSniffer/CodeSniffer/Standards/Squiz/Sniffs/ControlStructures/ForEachLoopDeclarationSniff.php':[
70,
],
'project:PHP_CodeSniffer/CodeSniffer/Standards/Squiz/Sniffs/ControlStructures/ForLoopDeclarationSniff.php':[
79,
],
'project:PHP_CodeSniffer/CodeSniffer/Standards/Squiz/Sniffs/ControlStructures/InlineIfDeclarationSniff.php':[
55,
],
'project:PHP_CodeSniffer/CodeSniffer/Standards/Squiz/Sniffs/ControlStructures/SwitchDeclarationSniff.php':[
73,
],
'project:PHP_CodeSniffer/CodeSniffer/Standards/Squiz/Sniffs/Debug/JavaScriptLintSniff.php':[
60,
],
'project:PHP_CodeSniffer/CodeSniffer/Standards/Squiz/Sniffs/Formatting/OperatorBracketSniff.php':[
65,
],
'project:PHP_CodeSniffer/CodeSniffer/Standards/Squiz/Sniffs/Functions/FunctionDeclarationArgumentSpacingSniff.php':[
109,
],
'project:PHP_CodeSniffer/CodeSniffer/Standards/Squiz/Sniffs/NamingConventions/ValidVariableNameSniff.php':[
57,
],
'project:PHP_CodeSniffer/CodeSniffer/Standards/Squiz/Sniffs/Operators/ComparisonOperatorUsageSniff.php':[
120,
],
'project:PHP_CodeSniffer/CodeSniffer/Standards/Squiz/Sniffs/Operators/IncrementDecrementUsageSniff.php':[
130,
],
'project:PHP_CodeSniffer/CodeSniffer/Standards/Squiz/Sniffs/PHP/CommentedOutCodeSniff.php':[
72,
],
'project:PHP_CodeSniffer/CodeSniffer/Standards/Squiz/Sniffs/PHP/DisallowComparisonAssignmentSniff.php':[
53,
],
'project:PHP_CodeSniffer/CodeSniffer/Standards/Squiz/Sniffs/PHP/DisallowMultipleAssignmentsSniff.php':[
56,
],
'project:PHP_CodeSniffer/CodeSniffer/Standards/Squiz/Sniffs/PHP/EmbeddedPhpSniff.php':[
84,
176,
],
'project:PHP_CodeSniffer/CodeSniffer/Standards/Squiz/Sniffs/PHP/LowercasePHPFunctionsSniff.php':[
55,
],
'project:PHP_CodeSniffer/CodeSniffer/Standards/Squiz/Sniffs/PHP/NonExecutableCodeSniff.php':[
62,
],
'project:PHP_CodeSniffer/CodeSniffer/Standards/Squiz/Sniffs/Strings/DoubleQuoteUsageSniff.php':[
58,
],
'project:PHP_CodeSniffer/CodeSniffer/Standards/Squiz/Sniffs/WhiteSpace/ControlStructureSpacingSniff.php':[
74,
],
'project:PHP_CodeSniffer/CodeSniffer/Standards/Squiz/Sniffs/WhiteSpace/FunctionClosingBraceSpaceSniff.php':[
65,
],
'project:PHP_CodeSniffer/CodeSniffer/Standards/Squiz/Sniffs/WhiteSpace/FunctionOpeningBraceSpaceSniff.php':[
65,
],
'project:PHP_CodeSniffer/CodeSniffer/Standards/Squiz/Sniffs/WhiteSpace/FunctionSpacingSniff.php':[
62,
],
'project:PHP_CodeSniffer/CodeSniffer/Standards/Squiz/Sniffs/WhiteSpace/OperatorSpacingSniff.php':[
75,
],
'project:PHP_CodeSniffer/CodeSniffer/Standards/Squiz/Sniffs/WhiteSpace/SuperfluousWhitespaceSniff.php':[
82,
],
'project:PHP_CodeSniffer/CodeSniffer/Standards/Zend/Sniffs/Debug/CodeAnalyzerSniff.php':[
55,
],
'project:PHP_CodeSniffer/CodeSniffer/Standards/Zend/Sniffs/NamingConventions/ValidVariableNameSniff.php':[
57,
],
'project:PHP_CodeSniffer/CodeSniffer/Tokenizers/CSS.php':[
44,
],
'project:PHP_CodeSniffer/CodeSniffer/Tokenizers/JS.php':[
256,
842,
974,
],
'project:PHP_CodeSniffer/CodeSniffer/Tokenizers/PHP.php':[
273,
596,
],
'project:PHP_CodeSniffer/tests/Standards/AbstractSniffUnitTest.php':[
150,
],
'project:stackphp-0.5beta1-source/src/api.php':[
197,
],
'project:stackphp-0.5beta1-source/src/format.php':[
76,
],
'project:stackphp-0.5beta1-source/src/paged_response.php':[
80,
],
'project:stackphp-0.5beta1-source/src/table_output.php':[
53,
],
'project:stackphp-0.5beta1-source/tests/api_test.php':[
19,
],
'project:symfony/Symfony/Bridge/Doctrine/DependencyInjection/AbstractDoctrineExtension.php':[
48,
268,
324,
],
'project:symfony/Symfony/Bridge/Doctrine/DependencyInjection/CompilerPass/RegisterEventListenersAndSubscribersPass.php':[
50,
101,
],
'project:symfony/Symfony/Bridge/Doctrine/Form/DoctrineOrmTypeGuesser.php':[
38,
85,
],
'project:symfony/Symfony/Bridge/Doctrine/Logger/DbalLogger.php':[
46,
],
'project:symfony/Symfony/Bridge/Doctrine/Validator/Constraints/UniqueEntityValidator.php':[
47,
],
'project:symfony/Symfony/Bridge/Propel1/Form/ChoiceList/ModelChoiceList.php':[
84,
227,
],
'project:symfony/Symfony/Bridge/Propel1/Form/EventListener/TranslationCollectionFormListener.php':[
42,
],
'project:symfony/Symfony/Bridge/Propel1/Form/PropelTypeGuesser.php':[
31,
],
'project:symfony/Symfony/Bridge/Twig/Form/TwigRendererEngine.php':[
79,
],
'project:symfony/Symfony/Bridge/Twig/Node/SearchAndRenderBlockNode.php':[
19,
],
'project:symfony/Symfony/Bridge/Twig/NodeVisitor/TranslationDefaultDomainNodeVisitor.php':[
40,
],
'project:symfony/Symfony/Bundle/FrameworkBundle/Command/AssetsInstallCommand.php':[
68,
],
'project:symfony/Symfony/Bundle/FrameworkBundle/Command/CacheClearCommand.php':[
54,
],
'project:symfony/Symfony/Bundle/FrameworkBundle/Command/ConfigDumpReferenceCommand.php':[
63,
],
'project:symfony/Symfony/Bundle/FrameworkBundle/Command/TranslationUpdateCommand.php':[
77,
],
'project:symfony/Symfony/Bundle/FrameworkBundle/Command/YamlLintCommand.php':[
65,
],
'project:symfony/Symfony/Bundle/FrameworkBundle/Console/Descriptor/Descriptor.php':[
37,
],
'project:symfony/Symfony/Bundle/FrameworkBundle/Console/Descriptor/MarkdownDescriptor.php':[
118,
],
'project:symfony/Symfony/Bundle/FrameworkBundle/Console/Descriptor/TextDescriptor.php':[
156,
],
'project:symfony/Symfony/Bundle/FrameworkBundle/Console/Descriptor/XmlDescriptor.php':[
131,
295,
],
'project:symfony/Symfony/Bundle/FrameworkBundle/Controller/RedirectController.php':[
84,
],
'project:symfony/Symfony/Bundle/FrameworkBundle/DependencyInjection/FrameworkExtension.php':[
42,
226,
393,
574,
],
'project:symfony/Symfony/Bundle/FrameworkBundle/Templating/TemplateNameParser.php':[
43,
],
'project:symfony/Symfony/Bundle/SecurityBundle/DependencyInjection/Security/Factory/RememberMeFactory.php':[
32,
],
'project:symfony/Symfony/Bundle/SecurityBundle/DependencyInjection/SecurityExtension.php':[
248,
507,
],
'project:symfony/Symfony/Bundle/TwigBundle/DependencyInjection/TwigExtension.php':[
34,
],
'project:symfony/Symfony/Bundle/WebProfilerBundle/Controller/ProfilerController.php':[
222,
],
'project:symfony/Symfony/Bundle/WebProfilerBundle/EventListener/WebDebugToolbarListener.php':[
56,
],
'project:symfony/Symfony/Component/BrowserKit/Client.php':[
289,
543,
],
'project:symfony/Symfony/Component/BrowserKit/Cookie.php':[
133,
],
'project:symfony/Symfony/Component/BrowserKit/CookieJar.php':[
53,
],
'project:symfony/Symfony/Component/ClassLoader/ClassCollectionLoader.php':[
37,
137,
],
'project:symfony/Symfony/Component/ClassLoader/ClassLoader.php':[
165,
],
'project:symfony/Symfony/Component/ClassLoader/ClassMapGenerator.php':[
83,
],
'project:symfony/Symfony/Component/ClassLoader/UniversalClassLoader.php':[
264,
],
'project:symfony/Symfony/Component/Config/Definition/ArrayNode.php':[
349,
],
'project:symfony/Symfony/Component/Config/Definition/Builder/ArrayNodeDefinition.php':[
348,
458,
],
'project:symfony/Symfony/Component/Config/Definition/Dumper/XmlReferenceDumper.php':[
50,
270,
],
'project:symfony/Symfony/Component/Config/Definition/Dumper/YamlReferenceDumper.php':[
50,
],
'project:symfony/Symfony/Component/Config/Definition/PrototypedArrayNode.php':[
226,
289,
],
'project:symfony/Symfony/Component/Config/Exception/FileLoaderLoadException.php':[
48,
],
'project:symfony/Symfony/Component/Config/FileLocator.php':[
44,
],
'project:symfony/Symfony/Component/Config/Loader/FileLoader.php':[
64,
],
'project:symfony/Symfony/Component/Config/Util/XmlUtils.php':[
41,
119,
177,
],
'project:symfony/Symfony/Component/Console/Application.php':[
110,
540,
682,
788,
842,
1061,
],
'project:symfony/Symfony/Component/Console/Descriptor/XmlDescriptor.php':[
231,
],
'project:symfony/Symfony/Component/Console/Formatter/OutputFormatter.php':[
172,
],
'project:symfony/Symfony/Component/Console/Helper/DialogHelper.php':[
99,
259,
],
'project:symfony/Symfony/Component/Console/Input/ArgvInput.php':[
210,
],
'project:symfony/Symfony/Component/Console/Input/InputDefinition.php':[
271,
],
'project:symfony/Symfony/Component/Console/Input/InputOption.php':[
47,
],
'project:symfony/Symfony/Component/CssSelector/Parser/Parser.php':[
63,
178,
335,
],
'project:symfony/Symfony/Component/CssSelector/XPath/Extension/FunctionExtension.php':[
56,
],
'project:symfony/Symfony/Component/Debug/ErrorHandler.php':[
116,
182,
],
'project:symfony/Symfony/Component/Debug/ExceptionHandler.php':[
125,
],
'project:symfony/Symfony/Component/Debug/FatalErrorHandler/ClassNotFoundFatalErrorHandler.php':[
92,
],
'project:symfony/Symfony/Component/Debug/FatalErrorHandler/UndefinedFunctionFatalErrorHandler.php':[
27,
],
'project:symfony/Symfony/Component/DependencyInjection/Compiler/CheckDefinitionValidityPass.php':[
40,
],
'project:symfony/Symfony/Component/DependencyInjection/Compiler/CheckReferenceValidityPass.php':[
123,
],
'project:symfony/Symfony/Component/DependencyInjection/Compiler/InlineServiceDefinitionsPass.php':[
119,
],
'project:symfony/Symfony/Component/DependencyInjection/Compiler/ResolveDefinitionTemplatesPass.php':[
64,
],
'project:symfony/Symfony/Component/DependencyInjection/Container.php':[
262,
],
'project:symfony/Symfony/Component/DependencyInjection/ContainerBuilder.php':[
384,
459,
917,
],
'project:symfony/Symfony/Component/DependencyInjection/Dumper/PhpDumper.php':[
252,
334,
478,
510,
644,
689,
1139,
1178,
],
'project:symfony/Symfony/Component/DependencyInjection/Dumper/XmlDumper.php':[
111,
310,
],
'project:symfony/Symfony/Component/DependencyInjection/Dumper/YamlDumper.php':[
71,
],
'project:symfony/Symfony/Component/DependencyInjection/Loader/XmlFileLoader.php':[
133,
288,
],
'project:symfony/Symfony/Component/DependencyInjection/Loader/YamlFileLoader.php':[
128,
],
'project:symfony/Symfony/Component/DependencyInjection/SimpleXMLElement.php':[
44,
],
'project:symfony/Symfony/Component/DomCrawler/Crawler.php':[
102,
],
'project:symfony/Symfony/Component/DomCrawler/Field/ChoiceFormField.php':[
124,
207,
],
'project:symfony/Symfony/Component/DomCrawler/Form.php':[
358,
431,
],
'project:symfony/Symfony/Component/DomCrawler/Link.php':[
87,
],
'project:symfony/Symfony/Component/EventDispatcher/DependencyInjection/RegisterListenersPass.php':[
51,
],
'project:symfony/Symfony/Component/ExpressionLanguage/Lexer.php':[
30,
],
'project:symfony/Symfony/Component/ExpressionLanguage/Node/BinaryNode.php':[
82,
],
'project:symfony/Symfony/Component/ExpressionLanguage/Node/GetAttrNode.php':[
62,
],
'project:symfony/Symfony/Component/ExpressionLanguage/Parser.php':[
166,
289,
],
'project:symfony/Symfony/Component/Filesystem/Filesystem.php':[
132,
193,
220,
269,
356,
],
'project:symfony/Symfony/Component/Finder/Adapter/AbstractFindAdapter.php':[
46,
153,
201,
],
'project:symfony/Symfony/Component/Finder/Adapter/PhpAdapter.php':[
26,
],
'project:symfony/Symfony/Component/Finder/Comparator/Comparator.php':[
81,
],
'project:symfony/Symfony/Component/Finder/Comparator/NumberComparator.php':[
45,
],
'project:symfony/Symfony/Component/Finder/Expression/Glob.php':[
101,
],
'project:symfony/Symfony/Component/Finder/Glob.php':[
47,
],
'project:symfony/Symfony/Component/Finder/Iterator/FilecontentFilterIterator.php':[
27,
],
'project:symfony/Symfony/Component/Form/Extension/Core/DataMapper/PropertyPathMapper.php':[
67,
],
'project:symfony/Symfony/Component/Form/Extension/Core/DataTransformer/ArrayToPartsTransformer.php':[
52,
],
'project:symfony/Symfony/Component/Form/Extension/Core/DataTransformer/BaseDateTimeTransformer.php':[
41,
],
'project:symfony/Symfony/Component/Form/Extension/Core/DataTransformer/ChoiceToBooleanArrayTransformer.php':[
92,
],
'project:symfony/Symfony/Component/Form/Extension/Core/DataTransformer/DateTimeToArrayTransformer.php':[
119,
],
'project:symfony/Symfony/Component/Form/Extension/Core/DataTransformer/DateTimeToLocalizedStringTransformer.php':[
117,
],
'project:symfony/Symfony/Component/Form/Extension/Core/DataTransformer/DateTimeToRfc3339Transformer.php':[
45,
],
'project:symfony/Symfony/Component/Form/Extension/Core/DataTransformer/DateTimeToStringTransformer.php':[
131,
],
'project:symfony/Symfony/Component/Form/Extension/Core/DataTransformer/NumberToLocalizedStringTransformer.php':[
160,
255,
],
'project:symfony/Symfony/Component/Form/Extension/Core/DataTransformer/ValueToDuplicatesTransformer.php':[
57,
],
'project:symfony/Symfony/Component/Form/Extension/Core/EventListener/MergeCollectionListener.php':[
57,
],
'project:symfony/Symfony/Component/Form/Extension/Core/EventListener/ResizeFormListener.php':[
98,
132,
],
'project:symfony/Symfony/Component/Form/Extension/Core/Type/ChoiceType.php':[
42,
],
'project:symfony/Symfony/Component/Form/Extension/Core/Type/DateTimeType.php':[
70,
],
'project:symfony/Symfony/Component/Form/Extension/Core/Type/DateType.php':[
43,
],
'project:symfony/Symfony/Component/Form/Extension/Core/Type/TimeType.php':[
31,
],
'project:symfony/Symfony/Component/Form/Extension/HttpFoundation/EventListener/BindRequestListener.php':[
34,
],
'project:symfony/Symfony/Component/Form/Extension/HttpFoundation/HttpFoundationRequestHandler.php':[
30,
],
'project:symfony/Symfony/Component/Form/Extension/Templating/TemplatingRendererEngine.php':[
57,
],
'project:symfony/Symfony/Component/Form/Extension/Validator/Constraints/FormValidator.php':[
43,
],
'project:symfony/Symfony/Component/Form/Extension/Validator/ValidatorTypeGuesser.php':[
87,
224,
],
'project:symfony/Symfony/Component/Form/Extension/Validator/ViolationMapper/ViolationMapper.php':[
35,
149,
],
'project:symfony/Symfony/Component/Form/Form.php':[
205,
297,
496,
736,
825,
],
'project:symfony/Symfony/Component/Form/FormBuilder.php':[
59,
],
'project:symfony/Symfony/Component/Form/FormRenderer.php':[
165,
],
'project:symfony/Symfony/Component/Form/NativeRequestHandler.php':[
39,
],
'project:symfony/Symfony/Component/HttpFoundation/BinaryFileResponse.php':[
161,
],
'project:symfony/Symfony/Component/HttpFoundation/File/MimeType/FileBinaryMimeTypeGuesser.php':[
54,
],
'project:symfony/Symfony/Component/HttpFoundation/IpUtils.php':[
90,
],
'project:symfony/Symfony/Component/HttpFoundation/JsonResponse.php':[
154,
],
'project:symfony/Symfony/Component/HttpFoundation/ParameterBag.php':[
103,
],
'project:symfony/Symfony/Component/HttpFoundation/Request.php':[
301,
945,
1146,
1663,
],
'project:symfony/Symfony/Component/HttpFoundation/RequestMatcher.php':[
132,
],
'project:symfony/Symfony/Component/HttpFoundation/Response.php':[
267,
964,
],
'project:symfony/Symfony/Component/HttpFoundation/ResponseHeaderBag.php':[
254,
296,
],
'project:symfony/Symfony/Component/HttpFoundation/ServerBag.php':[
28,
],
'project:symfony/Symfony/Component/HttpFoundation/Session/Attribute/NamespacedAttributeBag.php':[
107,
],
'project:symfony/Symfony/Component/HttpFoundation/Session/Storage/NativeSessionStorage.php':[
127,
372,
],
'project:symfony/Symfony/Component/HttpKernel/Controller/ControllerResolver.php':[
50,
],
'project:symfony/Symfony/Component/HttpKernel/DataCollector/ConfigDataCollector.php':[
55,
],
'project:symfony/Symfony/Component/HttpKernel/DataCollector/RequestDataCollector.php':[
40,
],
'project:symfony/Symfony/Component/HttpKernel/DataCollector/Util/ValueExporter.php':[
26,
],
'project:symfony/Symfony/Component/HttpKernel/Event/FilterControllerEvent.php':[
76,
],
'project:symfony/Symfony/Component/HttpKernel/EventListener/ProfilerListener.php':[
89,
],
'project:symfony/Symfony/Component/HttpKernel/EventListener/RouterListener.php':[
103,
],
'project:symfony/Symfony/Component/HttpKernel/Fragment/HIncludeFragmentRenderer.php':[
87,
],
'project:symfony/Symfony/Component/HttpKernel/Fragment/InlineFragmentRenderer.php':[
51,
],
'project:symfony/Symfony/Component/HttpKernel/HttpCache/HttpCache.php':[
305,
357,
],
'project:symfony/Symfony/Component/HttpKernel/HttpCache/Store.php':[
165,
],
'project:symfony/Symfony/Component/HttpKernel/HttpKernel.php':[
239,
],
'project:symfony/Symfony/Component/HttpKernel/Kernel.php':[
273,
469,
],
'project:symfony/Symfony/Component/HttpKernel/Profiler/BaseMemcacheProfilerStorage.php':[
43,
],
'project:symfony/Symfony/Component/HttpKernel/Profiler/FileProfilerStorage.php':[
51,
],
'project:symfony/Symfony/Component/HttpKernel/Profiler/RedisProfilerStorage.php':[
54,
204,
],
'project:symfony/Symfony/Component/HttpKernel/Tests/DataCollector/ConfigDataCollectorTest.php':[
22,
],
'project:symfony/Symfony/Component/Intl/DateFormatter/IntlDateFormatter.php':[
199,
],
'project:symfony/Symfony/Component/Intl/NumberFormatter/NumberFormatter.php':[
846,
],
'project:symfony/Symfony/Component/Intl/ResourceBundle/Reader/StructuredBundleReader.php':[
59,
],
'project:symfony/Symfony/Component/Intl/ResourceBundle/Transformer/Rule/LocaleBundleTransformationRule.php':[
181,
],
'project:symfony/Symfony/Component/Intl/ResourceBundle/Writer/TextBundleWriter.php':[
67,
],
'project:symfony/Symfony/Component/OptionsResolver/Options.php':[
174,
],
'project:symfony/Symfony/Component/Process/ExecutableFinder.php':[
53,
],
'project:symfony/Symfony/Component/Process/PhpExecutableFinder.php':[
34,
],
'project:symfony/Symfony/Component/Process/ProcessPipes.php':[
182,
268,
],
'project:symfony/Symfony/Component/PropertyAccess/PropertyAccessor.php':[
119,
201,
295,
],
'project:symfony/Symfony/Component/PropertyAccess/PropertyPath.php':[
70,
],
'project:symfony/Symfony/Component/PropertyAccess/StringUtil.php':[
126,
],
'project:symfony/Symfony/Component/Routing/Generator/UrlGenerator.php':[
148,
309,
],
'project:symfony/Symfony/Component/Routing/Loader/AnnotationFileLoader.php':[
87,
],
'project:symfony/Symfony/Component/Routing/Loader/XmlFileLoader.php':[
148,
],
'project:symfony/Symfony/Component/Routing/Loader/YamlFileLoader.php':[
47,
141,
187,
],
'project:symfony/Symfony/Component/Routing/Matcher/ApacheUrlMatcher.php':[
39,
],
'project:symfony/Symfony/Component/Routing/Matcher/Dumper/ApacheMatcherDumper.php':[
42,
123,
],
'project:symfony/Symfony/Component/Routing/Matcher/Dumper/PhpMatcherDumper.php':[
199,
],
'project:symfony/Symfony/Component/Routing/Matcher/TraceableUrlMatcher.php':[
43,
],
'project:symfony/Symfony/Component/Routing/Matcher/UrlMatcher.php':[
124,
],
'project:symfony/Symfony/Component/Routing/RouteCompiler.php':[
83,
],
'project:symfony/Symfony/Component/Routing/Tests/Fixtures/dumper/url_matcher1.php':[
23,
],
'project:symfony/Symfony/Component/Routing/Tests/Fixtures/dumper/url_matcher2.php':[
23,
],
'project:symfony/Symfony/Component/Routing/Tests/Fixtures/dumper/url_matcher3.php':[
23,
],
'project:symfony/Symfony/Component/Security/Acl/Dbal/AclProvider.php':[
90,
486,
],
'project:symfony/Symfony/Component/Security/Acl/Dbal/MutableAclProvider.php':[
165,
233,
],
'project:symfony/Symfony/Component/Security/Acl/Domain/Acl.php':[
501,
],
'project:symfony/Symfony/Component/Security/Acl/Domain/PermissionGrantingStrategy.php':[
47,
79,
137,
],
'project:symfony/Symfony/Component/Security/Acl/Tests/Dbal/MutableAclProviderTest.php':[
455,
],
'project:symfony/Symfony/Component/Security/Acl/Voter/AclVoter.php':[
54,
],
'project:symfony/Symfony/Component/Security/Core/Authentication/AuthenticationProviderManager.php':[
63,
],
'project:symfony/Symfony/Component/Security/Core/Authentication/Provider/UserAuthenticationProvider.php':[
58,
],
'project:symfony/Symfony/Component/Security/Core/Authentication/Token/AbstractToken.php':[
243,
],
'project:symfony/Symfony/Component/Security/Core/Authorization/AccessDecisionManager.php':[
139,
],
'project:symfony/Symfony/Component/Security/Core/Authorization/Voter/AuthenticatedVoter.php':[
63,
],
'project:symfony/Symfony/Component/Security/Core/Encoder/EncoderFactory.php':[
31,
],
'project:symfony/Symfony/Component/Security/Core/Tests/Util/SecureRandomTest.php':[
62,
],
'project:symfony/Symfony/Component/Security/Core/Util/SecureRandom.php':[
61,
],
'project:symfony/Symfony/Component/Security/Http/Authentication/DefaultAuthenticationSuccessHandler.php':[
88,
],
'project:symfony/Symfony/Component/Security/Http/Firewall/AbstractAuthenticationListener.php':[
128,
],
'project:symfony/Symfony/Component/Security/Http/Firewall/AbstractPreAuthenticatedListener.php':[
55,
],
'project:symfony/Symfony/Component/Security/Http/Firewall/BasicAuthenticationListener.php':[
55,
],
'project:symfony/Symfony/Component/Security/Http/Firewall/ContextListener.php':[
66,
106,
145,
],
'project:symfony/Symfony/Component/Security/Http/Firewall/DigestAuthenticationListener.php':[
60,
167,
],
'project:symfony/Symfony/Component/Security/Http/Firewall/SimplePreAuthenticationListener.php':[
65,
],
'project:symfony/Symfony/Component/Security/Http/RememberMe/AbstractRememberMeServices.php':[
102,
],
'project:symfony/Symfony/Component/Security/Http/RememberMe/TokenBasedRememberMeServices.php':[
32,
],
'project:symfony/Symfony/Component/Serializer/Encoder/JsonEncoder.php':[
100,
],
'project:symfony/Symfony/Component/Serializer/Encoder/XmlEncoder.php':[
69,
233,
288,
],
'project:symfony/Symfony/Component/Serializer/Serializer.php':[
105,
],
'project:symfony/Symfony/Component/Templating/Loader/FilesystemLoader.php':[
50,
],
'project:symfony/Symfony/Component/Translation/Interval.php':[
46,
],
'project:symfony/Symfony/Component/Translation/Loader/CsvFileLoader.php':[
36,
],
'project:symfony/Symfony/Component/Translation/Loader/JsonFileLoader.php':[
61,
],
'project:symfony/Symfony/Component/Translation/Loader/MoFileLoader.php':[
83,
],
'project:symfony/Symfony/Component/Translation/Loader/QtFileLoader.php':[
33,
],
'project:symfony/Symfony/Component/Translation/Loader/XliffFileLoader.php':[
33,
87,
],
'project:symfony/Symfony/Component/Translation/Loader/YamlFileLoader.php':[
36,
],
'project:symfony/Symfony/Component/Translation/MessageSelector.php':[
52,
],
'project:symfony/Symfony/Component/Translation/PluralizationRules.php':[
31,
],
'project:symfony/Symfony/Component/Validator/Constraint.php':[
85,
],
'project:symfony/Symfony/Component/Validator/Constraints/CallbackValidator.php':[
31,
],
'project:symfony/Symfony/Component/Validator/Constraints/ChoiceValidator.php':[
33,
],
'project:symfony/Symfony/Component/Validator/Constraints/Collection.php':[
35,
],
'project:symfony/Symfony/Component/Validator/Constraints/CollectionValidator.php':[
28,
],
'project:symfony/Symfony/Component/Validator/Constraints/CountValidator.php':[
26,
],
'project:symfony/Symfony/Component/Validator/Constraints/DateValidator.php':[
30,
],
'project:symfony/Symfony/Component/Validator/Constraints/EmailValidator.php':[
28,
],
'project:symfony/Symfony/Component/Validator/Constraints/FileValidator.php':[
31,
],
'project:symfony/Symfony/Component/Validator/Constraints/IbanValidator.php':[
27,
],
'project:symfony/Symfony/Component/Validator/Constraints/ImageValidator.php':[
28,
],
'project:symfony/Symfony/Component/Validator/Constraints/IpValidator.php':[
31,
],
'project:symfony/Symfony/Component/Validator/Constraints/IsbnValidator.php':[
30,
],
'project:symfony/Symfony/Component/Validator/Constraints/IssnValidator.php':[
30,
],
'project:symfony/Symfony/Component/Validator/Constraints/LengthValidator.php':[
26,
],
'project:symfony/Symfony/Component/Validator/Constraints/LuhnValidator.php':[
36,
],
'project:symfony/Symfony/Component/Validator/Constraints/TypeValidator.php':[
27,
],
'project:symfony/Symfony/Component/Validator/Mapping/ClassMetadata.php':[
86,
],
'project:symfony/Symfony/Component/Validator/Mapping/ClassMetadataFactory.php':[
49,
],
'project:symfony/Symfony/Component/Validator/Mapping/Loader/AnnotationLoader.php':[
34,
],
'project:symfony/Symfony/Component/Validator/Mapping/Loader/XmlFileLoader.php':[
30,
],
'project:symfony/Symfony/Component/Validator/Mapping/Loader/YamlFileLoader.php':[
31,
],
'project:symfony/Symfony/Component/Validator/ValidationVisitor.php':[
116,
],
'project:symfony/Symfony/Component/Yaml/Dumper.php':[
49,
],
'project:symfony/Symfony/Component/Yaml/Inline.php':[
93,
269,
325,
386,
],
'project:symfony/Symfony/Component/Yaml/Parser.php':[
52,
290,
386,
427,
],
'project:symfony/Symfony/Component/Yaml/Unescaper.php':[
67,
],
}
