{
'project:PHPExcel_1.7.9_doc/Classes/PHPExcel/Calculation.php':[
2231,
],
'project:PHPExcel_1.7.9_doc/Classes/PHPExcel/Shared/JAMA/EigenvalueDecomposition.php':[
376,
401,
],
'project:PHPExcel_1.7.9_doc/Classes/PHPExcel/Shared/JAMA/Matrix.php':[
180,
181,
309,
309,
323,
323,
399,
],
'project:PHPExcel_1.7.9_doc/Classes/PHPExcel/Shared/OLE/ChainedBlockStream.php':[
106,
],
'project:PHPExcel_1.7.9_doc/Classes/PHPExcel/Shared/OLERead.php':[
223,
],
'project:PHPExcel_1.7.9_doc/Classes/PHPExcel/Writer/Excel5/Worksheet.php':[
278,
],
'project:PHPMailer/class.phpmailer.php':[
600,
1116,
1921,
1948,
2068,
3246,
3337,
3337,
3337,
],
'project:PHPMailer/class.pop3.php':[
178,
178,
178,
178,
178,
220,
220,
220,
289,
289,
],
'project:PHPMailer/extras/class.html2text.php':[
400,
431,
501,
536,
564,
640,
],
'project:PHP_CodeSniffer/CodeSniffer.php':[
412,
424,
554,
677,
981,
1306,
1441,
1492,
],
'project:PHP_CodeSniffer/CodeSniffer/CLI.php':[
189,
237,
302,
476,
515,
],
'project:PHP_CodeSniffer/CodeSniffer/CommentParser/AbstractParser.php':[
221,
241,
],
'project:PHP_CodeSniffer/CodeSniffer/CommentParser/SingleElement.php':[
108,
],
'project:PHP_CodeSniffer/CodeSniffer/File.php':[
627,
],
'project:PHP_CodeSniffer/CodeSniffer/Standards/Generic/Sniffs/Formatting/MultipleStatementAlignmentSniff.php':[
280,
],
'project:PHP_CodeSniffer/CodeSniffer/Standards/Generic/Sniffs/Metrics/CyclomaticComplexitySniff.php':[
99,
],
'project:PHP_CodeSniffer/CodeSniffer/Standards/Generic/Sniffs/Metrics/NestingLevelSniff.php':[
80,
],
'project:PHP_CodeSniffer/CodeSniffer/Standards/Generic/Sniffs/PHP/ForbiddenFunctionsSniff.php':[
175,
],
'project:PHP_CodeSniffer/CodeSniffer/Standards/Generic/Sniffs/PHP/NoSilencedErrorsSniff.php':[
67,
],
'project:PHP_CodeSniffer/CodeSniffer/Standards/Generic/Sniffs/Strings/UnnecessaryStringConcatSniff.php':[
111,
],
'project:PHP_CodeSniffer/CodeSniffer/Standards/Generic/Sniffs/VersionControl/SubversionPropertiesSniff.php':[
79,
140,
],
'project:PHP_CodeSniffer/CodeSniffer/Standards/Generic/Sniffs/WhiteSpace/ScopeIndentSniff.php':[
169,
189,
394,
],
'project:PHP_CodeSniffer/CodeSniffer/Standards/PEAR/Sniffs/Commenting/FileCommentSniff.php':[
300,
],
'project:PHP_CodeSniffer/CodeSniffer/Standards/PEAR/Sniffs/WhiteSpace/ObjectOperatorIndentSniff.php':[
133,
],
'project:PHP_CodeSniffer/CodeSniffer/Standards/Squiz/Sniffs/CSS/ForbiddenStylesSniff.php':[
155,
],
'project:stackphp-0.5beta1-source/src/filter.php':[
125,
],
'project:stackphp-0.5beta1-source/src/output_element.php':[
36,
],
'project:stackphp-0.5beta1-source/src/paged_response.php':[
143,
174,
],
'project:stackphp-0.5beta1-source/src/url.php':[
93,
],
'project:symfony/Symfony/Bridge/Doctrine/ContainerAwareEventManager.php':[
54,
],
'project:symfony/Symfony/Bridge/Doctrine/DependencyInjection/CompilerPass/RegisterEventListenersAndSubscribersPass.php':[
50,
],
'project:symfony/Symfony/Bridge/Doctrine/Security/User/EntityUserProvider.php':[
106,
],
'project:symfony/Symfony/Bridge/Doctrine/Tests/Form/Type/EntityTypeTest.php':[
761,
],
'project:symfony/Symfony/Bridge/Propel1/Form/ChoiceList/ModelChoiceList.php':[
193,
],
'project:symfony/Symfony/Bridge/Propel1/Security/User/PropelUserProvider.php':[
65,
91,
99,
],
'project:symfony/Symfony/Bridge/ProxyManager/Tests/LazyProxy/Instantiator/RuntimeInstantiatorTest.php':[
46,
],
'project:symfony/Symfony/Bridge/Twig/Command/LintCommand.php':[
89,
124,
],
'project:symfony/Symfony/Bundle/FrameworkBundle/CacheWarmer/TemplateFinder.php':[
56,
76,
100,
],
'project:symfony/Symfony/Bundle/FrameworkBundle/Console/Descriptor/Descriptor.php':[
37,
],
'project:symfony/Symfony/Bundle/FrameworkBundle/Routing/Router.php':[
126,
],
'project:symfony/Symfony/Bundle/SecurityBundle/DependencyInjection/MainConfiguration.php':[
187,
],
'project:symfony/Symfony/Bundle/SecurityBundle/EventListener/AclSchemaListener.php':[
33,
],
'project:symfony/Symfony/Bundle/SecurityBundle/Tests/Functional/Bundle/CsrfFormLoginBundle/Form/UserLoginFormType.php':[
53,
],
'project:symfony/Symfony/Bundle/TwigBundle/Controller/ExceptionController.php':[
94,
],
'project:symfony/Symfony/Bundle/WebProfilerBundle/Controller/RouterController.php':[
71,
],
'project:symfony/Symfony/Bundle/WebProfilerBundle/Profiler/TemplateManager.php':[
56,
74,
93,
],
'project:symfony/Symfony/Bundle/WebProfilerBundle/Tests/DependencyInjection/WebProfilerExtensionTest.php':[
131,
],
'project:symfony/Symfony/Bundle/WebProfilerBundle/Tests/Profiler/TemplateManagerTest.php':[
64,
78,
92,
],
'project:symfony/Symfony/Component/BrowserKit/Client.php':[
97,
289,
354,
374,
383,
395,
407,
429,
492,
511,
516,
590,
],
'project:symfony/Symfony/Component/BrowserKit/Response.php':[
53,
],
'project:symfony/Symfony/Component/ClassLoader/ClassLoader.php':[
71,
],
'project:symfony/Symfony/Component/ClassLoader/UniversalClassLoader.php':[
75,
182,
],
'project:symfony/Symfony/Component/Config/Definition/Builder/ArrayNodeDefinition.php':[
106,
184,
],
'project:symfony/Symfony/Component/Config/Definition/Builder/EnumNodeDefinition.php':[
25,
],
'project:symfony/Symfony/Component/Config/Definition/Builder/NumericNodeDefinition.php':[
33,
52,
],
'project:symfony/Symfony/Component/Config/Definition/Builder/TreeBuilder.php':[
38,
],
'project:symfony/Symfony/Component/Config/Tests/Resource/DirectoryResourceTest.php':[
37,
],
'project:symfony/Symfony/Component/Config/Tests/Resource/FileResourceTest.php':[
48,
],
'project:symfony/Symfony/Component/Console/Application.php':[
173,
368,
380,
432,
461,
540,
544,
603,
1044,
1061,
],
'project:symfony/Symfony/Component/Console/Command/Command.php':[
373,
373,
393,
393,
520,
593,
646,
],
'project:symfony/Symfony/Component/Console/Descriptor/ApplicationDescription.php':[
134,
],
'project:symfony/Symfony/Component/Console/Descriptor/Descriptor.php':[
34,
],
'project:symfony/Symfony/Component/Console/Helper/DialogHelper.php':[
107,
301,
],
'project:symfony/Symfony/Component/Console/Helper/ProgressHelper.php':[
184,
184,
432,
],
'project:symfony/Symfony/Component/Console/Helper/TableHelper.php':[
151,
341,
],
'project:symfony/Symfony/Component/Console/Input/ArgvInput.php':[
313,
337,
],
'project:symfony/Symfony/Component/Console/Input/Input.php':[
55,
],
'project:symfony/Symfony/Component/Console/Input/InputDefinition.php':[
104,
166,
182,
255,
],
'project:symfony/Symfony/Component/Console/Shell.php':[
105,
],
'project:symfony/Symfony/Component/Console/Tester/ApplicationTester.php':[
61,
],
'project:symfony/Symfony/Component/Console/Tester/CommandTester.php':[
56,
],
'project:symfony/Symfony/Component/Console/Tests/Fixtures/Foo1Command.php':[
21,
21,
],
'project:symfony/Symfony/Component/Console/Tests/Fixtures/FooCommand.php':[
21,
21,
26,
26,
],
'project:symfony/Symfony/Component/Console/Tests/Fixtures/FoobarCommand.php':[
20,
20,
],
'project:symfony/Symfony/Component/Console/Tests/Tester/CommandTesterTest.php':[
74,
79,
],
'project:symfony/Symfony/Component/CssSelector/Node/AttributeNode.php':[
118,
],
'project:symfony/Symfony/Component/CssSelector/Node/CombinedSelectorNode.php':[
88,
],
'project:symfony/Symfony/Component/CssSelector/Node/ElementNode.php':[
73,
],
'project:symfony/Symfony/Component/CssSelector/Node/FunctionNode.php':[
90,
],
'project:symfony/Symfony/Component/CssSelector/Parser/Reader.php':[
78,
90,
102,
114,
],
'project:symfony/Symfony/Component/CssSelector/XPath/XPathExpr.php':[
69,
117,
135,
136,
],
'project:symfony/Symfony/Component/Debug/ErrorHandler.php':[
116,
235,
],
'project:symfony/Symfony/Component/Debug/Tests/MockExceptionHandler.php':[
20,
],
'project:symfony/Symfony/Component/DependencyInjection/Compiler/AnalyzeServiceReferencesPass.php':[
59,
],
'project:symfony/Symfony/Component/DependencyInjection/Compiler/CheckExceptionOnInvalidReferenceBehaviorPass.php':[
31,
],
'project:symfony/Symfony/Component/DependencyInjection/Compiler/CheckReferenceValidityPass.php':[
46,
],
'project:symfony/Symfony/Component/DependencyInjection/Compiler/ResolveDefinitionTemplatesPass.php':[
36,
],
'project:symfony/Symfony/Component/DependencyInjection/Compiler/ResolveInvalidReferencesPass.php':[
34,
],
'project:symfony/Symfony/Component/DependencyInjection/Compiler/ResolveReferencesToAliasesPass.php':[
32,
],
'project:symfony/Symfony/Component/DependencyInjection/Container.php':[
388,
430,
],
'project:symfony/Symfony/Component/DependencyInjection/ContainerBuilder.php':[
611,
786,
],
'project:symfony/Symfony/Component/DependencyInjection/Definition.php':[
317,
],
'project:symfony/Symfony/Component/DependencyInjection/Dumper/GraphvizDumper.php':[
59,
133,
162,
254,
],
'project:symfony/Symfony/Component/DependencyInjection/Dumper/PhpDumper.php':[
258,
],
'project:symfony/Symfony/Component/DependencyInjection/ParameterBag/ParameterBag.php':[
59,
160,
248,
],
'project:symfony/Symfony/Component/DependencyInjection/Tests/Loader/IniFileLoaderTest.php':[
75,
],
'project:symfony/Symfony/Component/DomCrawler/Crawler.php':[
875,
],
'project:symfony/Symfony/Component/DomCrawler/Field/ChoiceFormField.php':[
285,
],
'project:symfony/Symfony/Component/DomCrawler/FormFieldRegistry.php':[
176,
],
'project:symfony/Symfony/Component/EventDispatcher/Debug/TraceableEventDispatcher.php':[
129,
148,
],
'project:symfony/Symfony/Component/EventDispatcher/EventDispatcher.php':[
161,
],
'project:symfony/Symfony/Component/EventDispatcher/Tests/EventDispatcherTest.php':[
127,
244,
252,
271,
310,
310,
],
'project:symfony/Symfony/Component/ExpressionLanguage/Compiler.php':[
72,
],
'project:symfony/Symfony/Component/ExpressionLanguage/ExpressionLanguage.php':[
99,
],
'project:symfony/Symfony/Component/ExpressionLanguage/Node/BinaryNode.php':[
82,
],
'project:symfony/Symfony/Component/ExpressionLanguage/Node/Node.php':[
40,
],
'project:symfony/Symfony/Component/ExpressionLanguage/Parser.php':[
85,
85,
],
'project:symfony/Symfony/Component/ExpressionLanguage/Token.php':[
64,
64,
],
'project:symfony/Symfony/Component/Finder/Expression/Regex.php':[
297,
],
'project:symfony/Symfony/Component/Finder/Finder.php':[
408,
639,
657,
],
'project:symfony/Symfony/Component/Form/Button.php':[
409,
],
'project:symfony/Symfony/Component/Form/ButtonBuilder.php':[
84,
84,
100,
100,
100,
114,
128,
140,
702,
715,
827,
840,
],
'project:symfony/Symfony/Component/Form/Extension/Core/ChoiceList/ChoiceList.php':[
103,
154,
157,
178,
181,
204,
230,
265,
311,
443,
510,
],
'project:symfony/Symfony/Component/Form/Extension/Core/ChoiceList/LazyChoiceList.php':[
145,
],
'project:symfony/Symfony/Component/Form/Extension/Core/DataTransformer/DateTimeToLocalizedStringTransformer.php':[
158,
159,
161,
162,
],
'project:symfony/Symfony/Component/Form/Extension/Csrf/EventListener/CsrfValidationListener.php':[
98,
],
'project:symfony/Symfony/Component/Form/Extension/Validator/ViolationMapper/MappingRule.php':[
62,
78,
],
'project:symfony/Symfony/Component/Form/Extension/Validator/ViolationMapper/ViolationMapper.php':[
35,
],
'project:symfony/Symfony/Component/Form/Form.php':[
215,
533,
534,
535,
797,
836,
1013,
],
'project:symfony/Symfony/Component/Form/FormConfigBuilder.php':[
447,
455,
542,
550,
],
'project:symfony/Symfony/Component/Form/FormFactoryBuilder.php':[
69,
89,
111,
133,
145,
157,
],
'project:symfony/Symfony/Component/Form/FormRegistry.php':[
160,
],
'project:symfony/Symfony/Component/Form/ResolvedFormType.php':[
123,
253,
],
'project:symfony/Symfony/Component/Form/Tests/AbstractFormTest.php':[
64,
76,
],
'project:symfony/Symfony/Component/Form/Tests/Extension/Core/ChoiceList/AbstractChoiceListTest.php':[
166,
172,
178,
184,
196,
203,
209,
215,
226,
232,
238,
244,
256,
262,
268,
274,
],
'project:symfony/Symfony/Component/Form/Tests/Extension/Core/ChoiceList/LazyChoiceListTest.php':[
89,
],
'project:symfony/Symfony/Component/Form/Tests/Extension/Core/DataTransformer/DateTimeToLocalizedStringTransformerTest.php':[
131,
203,
],
'project:symfony/Symfony/Component/Form/Tests/Extension/Core/Type/ChoiceTypeTest.php':[
1120,
1136,
],
'project:symfony/Symfony/Component/Form/Tests/Extension/Core/Type/RepeatedTypeTest.php':[
38,
51,
66,
77,
88,
99,
112,
],
'project:symfony/Symfony/Component/Form/Tests/Extension/HttpFoundation/EventListener/BindRequestListenerTest.php':[
89,
179,
],
'project:symfony/Symfony/Component/Form/Tests/FormBuilderTest.php':[
64,
70,
177,
194,
201,
],
'project:symfony/Symfony/Component/Form/Tests/FormFactoryBuilderTest.php':[
39,
53,
],
'project:symfony/Symfony/Component/Form/Tests/FormFactoryTest.php':[
379,
380,
415,
434,
457,
492,
525,
558,
],
'project:symfony/Symfony/Component/Form/Tests/FormRegistryTest.php':[
230,
],
'project:symfony/Symfony/Component/Form/Tests/ResolvedFormTypeTest.php':[
130,
162,
],
'project:symfony/Symfony/Component/HttpFoundation/AcceptHeaderItem.php':[
93,
],
'project:symfony/Symfony/Component/HttpFoundation/BinaryFileResponse.php':[
253,
],
'project:symfony/Symfony/Component/HttpFoundation/File/UploadedFile.php':[
246,
],
'project:symfony/Symfony/Component/HttpFoundation/HeaderBag.php':[
95,
108,
315,
],
'project:symfony/Symfony/Component/HttpFoundation/ParameterBag.php':[
73,
85,
],
'project:symfony/Symfony/Component/HttpFoundation/Request.php':[
239,
239,
239,
239,
239,
239,
239,
420,
420,
420,
420,
420,
420,
458,
518,
1225,
1257,
1404,
1517,
1618,
1668,
1691,
1732,
1738,
1757,
1759,
1763,
],
'project:symfony/Symfony/Component/HttpFoundation/RequestMatcher.php':[
101,
],
'project:symfony/Symfony/Component/HttpFoundation/Response.php':[
269,
284,
],
'project:symfony/Symfony/Component/HttpFoundation/ResponseHeaderBag.php':[
65,
],
'project:symfony/Symfony/Component/HttpFoundation/Session/Attribute/AttributeBag.php':[
57,
73,
81,
105,
116,
],
'project:symfony/Symfony/Component/HttpFoundation/Session/Flash/AutoExpireFlashBag.php':[
63,
],
'project:symfony/Symfony/Component/HttpFoundation/Session/Flash/FlashBag.php':[
65,
],
'project:symfony/Symfony/Component/HttpFoundation/Session/Storage/MockArraySessionStorage.php':[
197,
257,
],
'project:symfony/Symfony/Component/HttpFoundation/Session/Storage/NativeSessionStorage.php':[
422,
],
'project:symfony/Symfony/Component/HttpFoundation/Tests/File/FileTest.php':[
23,
33,
40,
64,
84,
118,
139,
153,
],
'project:symfony/Symfony/Component/HttpFoundation/Tests/File/MimeType/MimeTypeTest.php':[
85,
],
'project:symfony/Symfony/Component/HttpFoundation/Tests/Session/Attribute/AttributeBagTest.php':[
61,
64,
119,
126,
],
'project:symfony/Symfony/Component/HttpFoundation/Tests/Session/Attribute/NamespacedAttributeBagTest.php':[
61,
64,
114,
121,
],
'project:symfony/Symfony/Component/HttpFoundation/Tests/Session/Flash/AutoExpireFlashBagTest.php':[
49,
50,
103,
],
'project:symfony/Symfony/Component/HttpFoundation/Tests/Session/Flash/FlashBagTest.php':[
50,
53,
],
'project:symfony/Symfony/Component/HttpFoundation/Tests/Session/Storage/Handler/MongoDbSessionHandlerTest.php':[
93,
121,
],
'project:symfony/Symfony/Component/HttpFoundation/Tests/Session/Storage/Handler/PdoSessionHandlerTest.php':[
40,
],
'project:symfony/Symfony/Component/HttpFoundation/Tests/Session/Storage/MetadataBagTest.php':[
83,
84,
106,
122,
],
'project:symfony/Symfony/Component/HttpFoundation/Tests/Session/Storage/MockFileSessionStorageTest.php':[
88,
120,
],
'project:symfony/Symfony/Component/HttpKernel/Bundle/Bundle.php':[
79,
159,
],
'project:symfony/Symfony/Component/HttpKernel/Client.php':[
99,
],
'project:symfony/Symfony/Component/HttpKernel/DataCollector/DataCollector.php':[
38,
],
'project:symfony/Symfony/Component/HttpKernel/DependencyInjection/Extension.php':[
40,
],
'project:symfony/Symfony/Component/HttpKernel/EventListener/ProfilerListener.php':[
101,
],
'project:symfony/Symfony/Component/HttpKernel/EventListener/RouterListener.php':[
105,
],
'project:symfony/Symfony/Component/HttpKernel/Fragment/FragmentHandler.php':[
112,
],
'project:symfony/Symfony/Component/HttpKernel/HttpCache/HttpCache.php':[
171,
224,
239,
258,
305,
357,
418,
453,
501,
522,
580,
608,
641,
656,
679,
],
'project:symfony/Symfony/Component/HttpKernel/Kernel.php':[
229,
273,
292,
398,
451,
477,
506,
557,
581,
640,
658,
686,
703,
727,
],
'project:symfony/Symfony/Component/HttpKernel/Profiler/MemcacheProfilerStorage.php':[
45,
93,
],
'project:symfony/Symfony/Component/HttpKernel/Profiler/MemcachedProfilerStorage.php':[
45,
97,
],
'project:symfony/Symfony/Component/HttpKernel/Profiler/MongoDbProfilerStorage.php':[
109,
],
'project:symfony/Symfony/Component/HttpKernel/Profiler/PdoProfilerStorage.php':[
61,
73,
89,
123,
151,
156,
169,
184,
197,
233,
258,
],
'project:symfony/Symfony/Component/HttpKernel/Profiler/RedisProfilerStorage.php':[
217,
333,
368,
],
'project:symfony/Symfony/Component/HttpKernel/Tests/HttpCache/HttpCacheTestCase.php':[
106,
148,
],
'project:symfony/Symfony/Component/HttpKernel/Tests/HttpCache/StoreTest.php':[
63,
98,
106,
133,
141,
149,
],
'project:symfony/Symfony/Component/HttpKernel/Tests/HttpCache/TestHttpKernel.php':[
46,
],
'project:symfony/Symfony/Component/HttpKernel/Tests/Profiler/FileProfilerStorageTest.php':[
69,
],
'project:symfony/Symfony/Component/Intl/DateFormatter/DateFormat/FullTransformer.php':[
177,
196,
215,
227,
301,
],
'project:symfony/Symfony/Component/Intl/DateFormatter/IntlDateFormatter.php':[
627,
],
'project:symfony/Symfony/Component/Intl/Util/SvnRepository.php':[
129,
],
'project:symfony/Symfony/Component/OptionsResolver/Options.php':[
138,
],
'project:symfony/Symfony/Component/OptionsResolver/OptionsResolver.php':[
151,
175,
326,
],
'project:symfony/Symfony/Component/OptionsResolver/Tests/OptionsTest.php':[
96,
111,
129,
144,
149,
164,
169,
182,
197,
201,
227,
241,
256,
261,
277,
281,
296,
300,
312,
317,
329,
336,
352,
359,
373,
476,
480,
491,
495,
506,
510,
522,
],
'project:symfony/Symfony/Component/Process/ExecutableFinder.php':[
75,
],
'project:symfony/Symfony/Component/Process/Process.php':[
199,
216,
248,
259,
303,
309,
329,
527,
682,
1106,
1172,
1224,
],
'project:symfony/Symfony/Component/Process/ProcessBuilder.php':[
92,
163,
165,
170,
],
'project:symfony/Symfony/Component/PropertyAccess/Tests/PropertyPathBuilderTest.php':[
39,
249,
],
'project:symfony/Symfony/Component/Routing/Matcher/Dumper/DumperPrefixCollection.php':[
57,
],
'project:symfony/Symfony/Component/Routing/Matcher/UrlMatcher.php':[
102,
124,
],
'project:symfony/Symfony/Component/Routing/Route.php':[
343,
432,
519,
],
'project:symfony/Symfony/Component/Routing/Router.php':[
227,
256,
288,
],
'project:symfony/Symfony/Component/Routing/Tests/Matcher/ApacheUrlMatcherTest.php':[
35,
],
'project:symfony/Symfony/Component/Security/Acl/Dbal/AclProvider.php':[
492,
493,
494,
],
'project:symfony/Symfony/Component/Security/Acl/Dbal/MutableAclProvider.php':[
186,
239,
985,
],
'project:symfony/Symfony/Component/Security/Acl/Permission/MaskBuilder.php':[
97,
147,
],
'project:symfony/Symfony/Component/Security/Acl/Tests/Dbal/MutableAclProviderTest.php':[
253,
458,
],
'project:symfony/Symfony/Component/Security/Core/Authentication/Token/AbstractToken.php':[
235,
243,
],
'project:symfony/Symfony/Component/Security/Core/Encoder/Pbkdf2PasswordEncoder.php':[
84,
84,
84,
],
'project:symfony/Symfony/Component/Security/Http/Tests/Authentication/DefaultAuthenticationFailureHandlerTest.php':[
169,
],
'project:symfony/Symfony/Component/Security/Http/Tests/Firewall/SwitchUserListenerTest.php':[
180,
182,
],
'project:symfony/Symfony/Component/Serializer/Encoder/JsonDecode.php':[
98,
99,
],
'project:symfony/Symfony/Component/Serializer/Encoder/XmlEncoder.php':[
43,
43,
69,
69,
75,
116,
124,
420,
434,
],
'project:symfony/Symfony/Component/Stopwatch/Stopwatch.php':[
198,
216,
],
'project:symfony/Symfony/Component/Stopwatch/StopwatchEvent.php':[
174,
],
'project:symfony/Symfony/Component/Templating/Loader/CacheLoader.php':[
54,
],
'project:symfony/Symfony/Component/Templating/PhpEngine.php':[
244,
],
'project:symfony/Symfony/Component/Translation/IdentityTranslator.php':[
63,
73,
],
'project:symfony/Symfony/Component/Translation/MessageCatalogue.php':[
139,
151,
180,
],
'project:symfony/Symfony/Component/Translation/Translator.php':[
93,
174,
196,
235,
247,
261,
275,
],
'project:symfony/Symfony/Component/Validator/ConstraintValidator.php':[
31,
],
'project:symfony/Symfony/Component/Validator/ConstraintViolation.php':[
99,
100,
],
'project:symfony/Symfony/Component/Validator/Constraints/CardSchemeValidator.php':[
116,
],
'project:symfony/Symfony/Component/Validator/Constraints/Regex.php':[
87,
],
'project:symfony/Symfony/Component/Validator/ExecutionContext.php':[
214,
222,
224,
234,
246,
271,
],
'project:symfony/Symfony/Component/Validator/Mapping/ElementMetadata.php':[
46,
],
'project:symfony/Symfony/Component/Validator/Tests/Constraints/CallbackValidatorTest.php':[
116,
135,
],
'project:symfony/Symfony/Component/Validator/Tests/Constraints/FileValidatorTest.php':[
81,
162,
190,
218,
252,
289,
],
'project:symfony/Symfony/Component/Validator/Tests/Constraints/TypeValidatorTest.php':[
77,
134,
],
'project:symfony/Symfony/Component/Validator/Tests/ExecutionContextTest.php':[
290,
291,
293,
],
'project:symfony/Symfony/Component/Validator/Tests/Mapping/ClassMetadataTest.php':[
166,
195,
205,
215,
221,
],
'project:symfony/Symfony/Component/Validator/Tests/Mapping/ElementMetadataTest.php':[
67,
],
'project:symfony/Symfony/Component/Validator/Tests/Mapping/MemberMetadataTest.php':[
68,
77,
86,
95,
],
'project:symfony/Symfony/Component/Validator/ValidatorBuilder.php':[
107,
201,
311,
347,
348,
349,
],
'project:symfony/Symfony/Component/Yaml/Tests/ParserTest.php':[
47,
],
}
